###############################################################################
#
# IAR ELF Linker V8.30.1.114/W32 for ARM                  12/Nov/2018  18:19:44
# Copyright 2007-2018 IAR Systems AB.
#
#    Output file  =  
#        D:\Wangjiangbo\Documents\GitHub\Gas_MeasSpeed\Projects\IAR_OS1\Debug\Exe\Example.out
#    Map file     =  
#        D:\Wangjiangbo\Documents\GitHub\Gas_MeasSpeed\Projects\IAR_OS1\Debug\List\Example.map
#    Command line =  
#        -f C:\Users\ASUS\AppData\Local\Temp\EW1302.tmp
#        (D:\Wangjiangbo\Documents\GitHub\Gas_MeasSpeed\Projects\IAR_OS1\Debug\Obj\app_main.o
#        D:\Wangjiangbo\Documents\GitHub\Gas_MeasSpeed\Projects\IAR_OS1\Debug\Obj\app_stdbus.o
#        D:\Wangjiangbo\Documents\GitHub\Gas_MeasSpeed\Projects\IAR_OS1\Debug\Obj\bsp.o
#        D:\Wangjiangbo\Documents\GitHub\Gas_MeasSpeed\Projects\IAR_OS1\Debug\Obj\bsp_clock.o
#        D:\Wangjiangbo\Documents\GitHub\Gas_MeasSpeed\Projects\IAR_OS1\Debug\Obj\bsp_converter.o
#        D:\Wangjiangbo\Documents\GitHub\Gas_MeasSpeed\Projects\IAR_OS1\Debug\Obj\bsp_dac.o
#        D:\Wangjiangbo\Documents\GitHub\Gas_MeasSpeed\Projects\IAR_OS1\Debug\Obj\bsp_gpio.o
#        D:\Wangjiangbo\Documents\GitHub\Gas_MeasSpeed\Projects\IAR_OS1\Debug\Obj\bsp_os.o
#        D:\Wangjiangbo\Documents\GitHub\Gas_MeasSpeed\Projects\IAR_OS1\Debug\Obj\bsp_timer.o
#        D:\Wangjiangbo\Documents\GitHub\Gas_MeasSpeed\Projects\IAR_OS1\Debug\Obj\bsp_usart.o
#        D:\Wangjiangbo\Documents\GitHub\Gas_MeasSpeed\Projects\IAR_OS1\Debug\Obj\cpu_a.o
#        D:\Wangjiangbo\Documents\GitHub\Gas_MeasSpeed\Projects\IAR_OS1\Debug\Obj\cpu_bsp.o
#        D:\Wangjiangbo\Documents\GitHub\Gas_MeasSpeed\Projects\IAR_OS1\Debug\Obj\cpu_c.o
#        D:\Wangjiangbo\Documents\GitHub\Gas_MeasSpeed\Projects\IAR_OS1\Debug\Obj\cpu_core.o
#        D:\Wangjiangbo\Documents\GitHub\Gas_MeasSpeed\Projects\IAR_OS1\Debug\Obj\lib_ascii.o
#        D:\Wangjiangbo\Documents\GitHub\Gas_MeasSpeed\Projects\IAR_OS1\Debug\Obj\lib_math.o
#        D:\Wangjiangbo\Documents\GitHub\Gas_MeasSpeed\Projects\IAR_OS1\Debug\Obj\lib_mem.o
#        D:\Wangjiangbo\Documents\GitHub\Gas_MeasSpeed\Projects\IAR_OS1\Debug\Obj\lib_mem_a.o
#        D:\Wangjiangbo\Documents\GitHub\Gas_MeasSpeed\Projects\IAR_OS1\Debug\Obj\lib_str.o
#        D:\Wangjiangbo\Documents\GitHub\Gas_MeasSpeed\Projects\IAR_OS1\Debug\Obj\mod_crc16.o
#        D:\Wangjiangbo\Documents\GitHub\Gas_MeasSpeed\Projects\IAR_OS1\Debug\Obj\mod_measspeed.o
#        D:\Wangjiangbo\Documents\GitHub\Gas_MeasSpeed\Projects\IAR_OS1\Debug\Obj\mod_stdbus.o
#        D:\Wangjiangbo\Documents\GitHub\Gas_MeasSpeed\Projects\IAR_OS1\Debug\Obj\os_app_hooks.o
#        D:\Wangjiangbo\Documents\GitHub\Gas_MeasSpeed\Projects\IAR_OS1\Debug\Obj\os_cfg_app.o
#        D:\Wangjiangbo\Documents\GitHub\Gas_MeasSpeed\Projects\IAR_OS1\Debug\Obj\os_core.o
#        D:\Wangjiangbo\Documents\GitHub\Gas_MeasSpeed\Projects\IAR_OS1\Debug\Obj\os_cpu_a.o
#        D:\Wangjiangbo\Documents\GitHub\Gas_MeasSpeed\Projects\IAR_OS1\Debug\Obj\os_cpu_c.o
#        D:\Wangjiangbo\Documents\GitHub\Gas_MeasSpeed\Projects\IAR_OS1\Debug\Obj\os_dbg.o
#        D:\Wangjiangbo\Documents\GitHub\Gas_MeasSpeed\Projects\IAR_OS1\Debug\Obj\os_flag.o
#        D:\Wangjiangbo\Documents\GitHub\Gas_MeasSpeed\Projects\IAR_OS1\Debug\Obj\os_mem.o
#        D:\Wangjiangbo\Documents\GitHub\Gas_MeasSpeed\Projects\IAR_OS1\Debug\Obj\os_mon.o
#        D:\Wangjiangbo\Documents\GitHub\Gas_MeasSpeed\Projects\IAR_OS1\Debug\Obj\os_msg.o
#        D:\Wangjiangbo\Documents\GitHub\Gas_MeasSpeed\Projects\IAR_OS1\Debug\Obj\os_mutex.o
#        D:\Wangjiangbo\Documents\GitHub\Gas_MeasSpeed\Projects\IAR_OS1\Debug\Obj\os_prio.o
#        D:\Wangjiangbo\Documents\GitHub\Gas_MeasSpeed\Projects\IAR_OS1\Debug\Obj\os_q.o
#        D:\Wangjiangbo\Documents\GitHub\Gas_MeasSpeed\Projects\IAR_OS1\Debug\Obj\os_sem.o
#        D:\Wangjiangbo\Documents\GitHub\Gas_MeasSpeed\Projects\IAR_OS1\Debug\Obj\os_stat.o
#        D:\Wangjiangbo\Documents\GitHub\Gas_MeasSpeed\Projects\IAR_OS1\Debug\Obj\os_task.o
#        D:\Wangjiangbo\Documents\GitHub\Gas_MeasSpeed\Projects\IAR_OS1\Debug\Obj\os_tick.o
#        D:\Wangjiangbo\Documents\GitHub\Gas_MeasSpeed\Projects\IAR_OS1\Debug\Obj\os_time.o
#        D:\Wangjiangbo\Documents\GitHub\Gas_MeasSpeed\Projects\IAR_OS1\Debug\Obj\os_tmr.o
#        D:\Wangjiangbo\Documents\GitHub\Gas_MeasSpeed\Projects\IAR_OS1\Debug\Obj\os_var.o
#        D:\Wangjiangbo\Documents\GitHub\Gas_MeasSpeed\Projects\IAR_OS1\Debug\Obj\startup_stm32f103xe.o
#        D:\Wangjiangbo\Documents\GitHub\Gas_MeasSpeed\Projects\IAR_OS1\Debug\Obj\stm32f1xx_hal.o
#        D:\Wangjiangbo\Documents\GitHub\Gas_MeasSpeed\Projects\IAR_OS1\Debug\Obj\stm32f1xx_hal_adc.o
#        D:\Wangjiangbo\Documents\GitHub\Gas_MeasSpeed\Projects\IAR_OS1\Debug\Obj\stm32f1xx_hal_adc_ex.o
#        D:\Wangjiangbo\Documents\GitHub\Gas_MeasSpeed\Projects\IAR_OS1\Debug\Obj\stm32f1xx_hal_cortex.o
#        D:\Wangjiangbo\Documents\GitHub\Gas_MeasSpeed\Projects\IAR_OS1\Debug\Obj\stm32f1xx_hal_dac.o
#        D:\Wangjiangbo\Documents\GitHub\Gas_MeasSpeed\Projects\IAR_OS1\Debug\Obj\stm32f1xx_hal_dac_ex.o
#        D:\Wangjiangbo\Documents\GitHub\Gas_MeasSpeed\Projects\IAR_OS1\Debug\Obj\stm32f1xx_hal_dma.o
#        D:\Wangjiangbo\Documents\GitHub\Gas_MeasSpeed\Projects\IAR_OS1\Debug\Obj\stm32f1xx_hal_gpio.o
#        D:\Wangjiangbo\Documents\GitHub\Gas_MeasSpeed\Projects\IAR_OS1\Debug\Obj\stm32f1xx_hal_gpio_ex.o
#        D:\Wangjiangbo\Documents\GitHub\Gas_MeasSpeed\Projects\IAR_OS1\Debug\Obj\stm32f1xx_hal_msp.o
#        D:\Wangjiangbo\Documents\GitHub\Gas_MeasSpeed\Projects\IAR_OS1\Debug\Obj\stm32f1xx_hal_rcc.o
#        D:\Wangjiangbo\Documents\GitHub\Gas_MeasSpeed\Projects\IAR_OS1\Debug\Obj\stm32f1xx_hal_rcc_ex.o
#        D:\Wangjiangbo\Documents\GitHub\Gas_MeasSpeed\Projects\IAR_OS1\Debug\Obj\stm32f1xx_hal_uart.o
#        D:\Wangjiangbo\Documents\GitHub\Gas_MeasSpeed\Projects\IAR_OS1\Debug\Obj\stm32f1xx_hal_usart.o
#        D:\Wangjiangbo\Documents\GitHub\Gas_MeasSpeed\Projects\IAR_OS1\Debug\Obj\stm32f1xx_it.o
#        D:\Wangjiangbo\Documents\GitHub\Gas_MeasSpeed\Projects\IAR_OS1\Debug\Obj\stm32f1xx_ll_usart.o
#        D:\Wangjiangbo\Documents\GitHub\Gas_MeasSpeed\Projects\IAR_OS1\Debug\Obj\system_stm32f1xx.o
#        D:\Wangjiangbo\Documents\GitHub\Gas_MeasSpeed\Projects\IAR_OS1\Debug\Obj\task_cml.o
#        D:\Wangjiangbo\Documents\GitHub\Gas_MeasSpeed\Projects\IAR_OS1\Debug\Obj\task_measspeed.o
#        D:\Wangjiangbo\Documents\GitHub\Gas_MeasSpeed\Projects\IAR_OS1\Debug\Obj\task_start.o
#        D:\Wangjiangbo\Documents\GitHub\Gas_MeasSpeed\Projects\IAR_OS1\Debug\Obj\task_stdbus.o
#        --no_out_extension -o
#        D:\Wangjiangbo\Documents\GitHub\Gas_MeasSpeed\Projects\IAR_OS1\Debug\Exe\Example.out
#        --redirect _Printf=_PrintfFullNoMb --redirect _Scanf=_ScanfFullNoMb
#        --map
#        D:\Wangjiangbo\Documents\GitHub\Gas_MeasSpeed\Projects\IAR_OS1\Debug\List\Example.map
#        --config
#        D:\Wangjiangbo\Documents\GitHub\Gas_MeasSpeed\Projects\IAR_OS1\stm32f407xx_flash.icf
#        --semihosting --entry __iar_program_start --vfe --text_out locale)
#
###############################################################################

*******************************************************************************
*** RUNTIME MODEL ATTRIBUTES
***

CppFlavor       = *
__SystemLibrary = DLib
__dlib_version  = 6


*******************************************************************************
*** HEAP SELECTION
***

The basic heap was selected because no calls to memory allocation
functions were found in the application outside of system library
functions, and there are calls to deallocation functions in the
application.


*******************************************************************************
*** PLACEMENT SUMMARY
***

"A0":  place at 0x800'0000 { ro section .intvec };
"P1":  place in [from 0x800'0000 to 0x80f'ffff] { ro };
define block CSTACK with size = 1K, alignment = 8 { };
define block HEAP with size = 512, alignment = 8 { };
"P2":  place in [from 0x2000'0000 to 0x2001'ffff] {
          rw, block CSTACK, block HEAP };
initialize by copy { rw };

  Section            Kind         Address    Size  Object
  -------            ----         -------    ----  ------
"A0":                                       0x130
  .intvec            ro code   0x800'0000   0x130  startup_stm32f103xe.o [1]
                             - 0x800'0130   0x130

"P1":                                      0x8428
  .text              ro code   0x800'0130   0xe26  xprintffull_nomb.o [2]
  .text              ro code   0x800'0f56    0x3a  zero_init3.o [4]
  .text              ro code   0x800'0f90    0x16  strchr.o [4]
  .text              ro code   0x800'0fa6     0xa  xsprout.o [2]
  .text              ro code   0x800'0fb0    0x40  xfail_s.o [2]
  .text              ro code   0x800'0ff0    0x36  strlen.o [4]
  .rodata            const     0x800'1026     0x2  os_cfg_app.o [1]
  .text              ro code   0x800'1028    0x58  memchr.o [4]
  .text              ro code   0x800'1080   0x230  I64DivMod.o [4]
  .text              ro code   0x800'12b0   0x1a2  DblMul.o [3]
  .rodata            const     0x800'1452     0x2  os_dbg.o [1]
  .text              ro code   0x800'1454    0xa6  ABImemcpy.o [4]
  .rodata            const     0x800'14fa     0x2  os_dbg.o [1]
  .text              ro code   0x800'14fc    0x70  frexp.o [3]
  .text              ro code   0x800'156c    0x2e  DblCmpLe.o [3]
  .rodata            const     0x800'159a     0x2  os_dbg.o [1]
  .text              ro code   0x800'159c    0x2e  DblCmpGe.o [3]
  .rodata            const     0x800'15ca     0x2  os_dbg.o [1]
  .text              ro code   0x800'15cc   0x13a  ldexp.o [3]
  .rodata            const     0x800'1706     0x2  os_dbg.o [1]
  .text              ro code   0x800'1708    0x3a  DblToS32.o [3]
  .rodata            const     0x800'1742     0x2  os_dbg.o [1]
  .text              ro code   0x800'1744    0x22  S32ToDbl.o [3]
  .rodata            const     0x800'1766     0x2  os_dbg.o [1]
  .text              ro code   0x800'1768    0xe2  DblSub.o [3]
  .rodata            const     0x800'184a     0x2  os_dbg.o [1]
  .text              ro code   0x800'184c   0x246  DblDiv.o [3]
  .rodata            const     0x800'1a92     0x2  os_dbg.o [1]
  .text              ro code   0x800'1a94    0x28  DblToU32.o [3]
  .text              ro code   0x800'1abc    0x1a  U32ToDbl.o [3]
  .rodata            const     0x800'1ad6     0x2  os_dbg.o [1]
  .text              ro code   0x800'1ad8     0x8  xlocale_c.o [2]
  .text              ro code   0x800'1ae0     0x6  abort.o [2]
  .rodata            const     0x800'1ae6     0x2  os_dbg.o [1]
  .text              ro code   0x800'1ae8     0x2  I64DivZer.o [4]
  .rodata            const     0x800'1aea     0x2  os_dbg.o [1]
  .text              ro code   0x800'1aec   0x17a  DblAdd.o [3]
  .rodata            const     0x800'1c66     0x2  os_dbg.o [1]
  .text              ro code   0x800'1c68    0x14  exit.o [5]
  .text              ro code   0x800'1c7c   0xd74  os_task.o [1]
  .text              ro code   0x800'29f0   0x1e8  os_cpu_c.o [1]
  .text              ro code   0x800'2bd8   0x1d0  os_msg.o [1]
  .text              ro code   0x800'2da8   0x1a8  cpu_core.o [1]
  .text              ro code   0x800'2f50    0x74  os_prio.o [1]
  .text              ro code   0x800'2fc4   0x870  os_core.o [1]
  .text              ro code   0x800'3834    0x58  cpu_bsp.o [1]
  .text              ro code   0x800'388c   0x2ac  os_time.o [1]
  .text              ro code   0x800'3b38   0x456  os_mutex.o [1]
  .rodata            const     0x800'3f8e     0x2  os_dbg.o [1]
  .text              ro code   0x800'3f90    0xf8  lib_mem.o [1]
  CODE               ro code   0x800'4088    0x34  cpu_a.o [1]
  .text              ro code   0x800'40bc    0x1c  os_mem.o [1]
  .text              ro code   0x800'40d8   0x480  os_tick.o [1]
  .text              ro code   0x800'4558   0x504  os_stat.o [1]
  .text              ro code   0x800'4a5c   0x1f4  os_tmr.o [1]
  .text              ro code   0x800'4c50   0x190  os_dbg.o [1]
  .text              ro code   0x800'4de0     0x2  os_cfg_app.o [1]
  .rodata            const     0x800'4de2     0x2  os_dbg.o [1]
  CODE               ro code   0x800'4de4    0xe0  os_cpu_a.o [1]
  .text              ro code   0x800'4ec4    0x9c  bsp_clock.o [1]
  .text              ro code   0x800'4f60   0x614  stm32f1xx_hal_rcc.o [1]
  .text              ro code   0x800'5574   0x160  stm32f1xx_hal_cortex.o [1]
  .text              ro code   0x800'56d4    0x24  bsp_os.o [1]
  .text              ro code   0x800'56f8   0x55a  mod_stdbus.o [1]
  .rodata            const     0x800'5c52     0x2  os_dbg.o [1]
  .text              ro code   0x800'5c54   0x440  bsp_gpio.o [1]
  .text              ro code   0x800'6094   0x534  bsp_usart.o [1]
  .text              ro code   0x800'65c8    0x60  mod_crc16.o [1]
  .text              ro code   0x800'6628     0xa  app_stdbus.o [1]
  .rodata            const     0x800'6632     0x2  os_dbg.o [1]
  .text              ro code   0x800'6634   0x378  stm32f1xx_hal_gpio.o [1]
  .text              ro code   0x800'69ac   0x170  bsp_timer.o [1]
  .text              ro code   0x800'6b1c   0x248  stm32f1xx_hal_uart.o [1]
  .text              ro code   0x800'6d64    0x34  vsprintf.o [2]
  .text              ro code   0x800'6d98    0x9c  task_cml.o [1]
  .text              ro code   0x800'6e34     0x6  ABImemclr4.o [4]
  .rodata            const     0x800'6e3a     0x2  os_dbg.o [1]
  .text              ro code   0x800'6e3c    0x32  ABImemset48.o [4]
  .rodata            const     0x800'6e6e     0x2  os_dbg.o [1]
  .text              ro code   0x800'6e70   0x3f0  mod_measspeed.o [1]
  .text              ro code   0x800'7260   0x190  task_start.o [1]
  .text              ro code   0x800'73f0    0x74  bsp.o [1]
  .text              ro code   0x800'7464    0xa4  os_sem.o [1]
  .text              ro code   0x800'7508    0xb8  os_q.o [1]
  .text              ro code   0x800'75c0    0x9c  bsp_dac.o [1]
  .text              ro code   0x800'765c   0x10c  stm32f1xx_hal_dac.o [1]
  .text              ro code   0x800'7768    0x1c  U32ToFlt.o [3]
  .text              ro code   0x800'7784    0xd8  FltMul.o [3]
  .text              ro code   0x800'785c    0xfc  FltDiv.o [3]
  .text              ro code   0x800'7958    0x2a  FltToS32.o [3]
  .rodata            const     0x800'7982     0x2  os_dbg.o [1]
  .rodata            const     0x800'7984   0x100  mod_crc16.o [1]
  .rodata            const     0x800'7a84   0x100  mod_crc16.o [1]
  .text              ro code   0x800'7b84    0xa4  stm32f1xx_hal_msp.o [1]
  .text              ro code   0x800'7c28    0x92  os_app_hooks.o [1]
  .rodata            const     0x800'7cba     0x2  stm32f1xx_hal_rcc.o [1]
  .text              ro code   0x800'7cbc    0x78  app_main.o [1]
  .text              ro code   0x800'7d34    0x24  stm32f1xx_hal.o [1]
  .text              ro code   0x800'7d58    0x2c  lib_math.o [1]
  .text              ro code   0x800'7d84    0x58  system_stm32f1xx.o [1]
  .text              ro code   0x800'7ddc    0x44  task_measspeed.o [1]
  .text              ro code   0x800'7e20    0x38  packbits_init_single.o [4]
  .rodata            const     0x800'7e58    0x30  os_dbg.o [1]
  .rodata            const     0x800'7e88    0x30  os_dbg.o [1]
  .rodata            const     0x800'7eb8    0x30  os_dbg.o [1]
  .rodata            const     0x800'7ee8    0x2c  mod_measspeed.o [1]
  .rodata            const     0x800'7f14    0x2c  mod_measspeed.o [1]
  .rodata            const     0x800'7f40    0x2c  mod_measspeed.o [1]
  .rodata            const     0x800'7f6c    0x2c  mod_measspeed.o [1]
  .rodata            const     0x800'7f98    0x2c  mod_measspeed.o [1]
  .rodata            const     0x800'7fc4    0x28  mod_measspeed.o [1]
  .rodata            const     0x800'7fec    0x28  os_dbg.o [1]
  .rodata            const     0x800'8014    0x28  os_dbg.o [1]
  .text              ro code   0x800'803c    0x28  data_init.o [4]
  .rodata            const     0x800'8064    0x24  mod_measspeed.o [1]
  .text              ro code   0x800'8088    0x22  stm32f1xx_it.o [1]
  .rodata            const     0x800'80aa     0x1  os_cfg_app.o [1]
  .rodata            const     0x800'80ab     0x1  os_cfg_app.o [1]
  .text              ro code   0x800'80ac    0x10  stm32f1xx_hal.o [1]
  .iar.init_table    const     0x800'80bc    0x20  - Linker created -
  .rodata            const     0x800'80dc    0x20  bsp_timer.o [1]
  .rodata            const     0x800'80fc    0x20  mod_measspeed.o [1]
  .rodata            const     0x800'811c    0x20  mod_measspeed.o [1]
  .rodata            const     0x800'813c    0x20  os_dbg.o [1]
  .text              ro code   0x800'815c    0x1e  cmain.o [4]
  .text              ro code   0x800'817a     0x4  low_level_init.o [2]
  .text              ro code   0x800'817e     0x4  exit.o [2]
  .rodata            const     0x800'8182     0x1  os_cfg_app.o [1]
  .rodata            const     0x800'8183     0x1  os_dbg.o [1]
  .text              ro code   0x800'8184     0xa  cexit.o [4]
  .rodata            const     0x800'818e     0x1  os_dbg.o [1]
  .rodata            const     0x800'818f     0x1  os_dbg.o [1]
  .rodata            const     0x800'8190    0x1c  mod_measspeed.o [1]
  .rodata            const     0x800'81ac    0x1c  task_start.o [1]
  .rodata            const     0x800'81c8    0x1c  task_start.o [1]
  .rodata            const     0x800'81e4    0x18  os_tmr.o [1]
  .rodata            const     0x800'81fc    0x18  task_measspeed.o [1]
  .rodata            const     0x800'8214    0x18  task_start.o [1]
  .rodata            const     0x800'822c    0x18  task_start.o [1]
  .rodata            const     0x800'8244    0x14  os_core.o [1]
  .rodata            const     0x800'8258    0x14  os_stat.o [1]
  .rodata            const     0x800'826c    0x14  os_tick.o [1]
  .rodata            const     0x800'8280    0x10  os_tmr.o [1]
  .rodata            const     0x800'8290    0x10  stm32f1xx_hal_rcc.o [1]
  .rodata            const     0x800'82a0    0x10  system_stm32f1xx.o [1]
  .text              ro code   0x800'82b0    0x10  startup_stm32f103xe.o [1]
  .text              ro code   0x800'82c0     0xe  task_stdbus.o [1]
  .rodata            const     0x800'82ce     0x1  os_dbg.o [1]
  .rodata            const     0x800'82cf     0x1  os_dbg.o [1]
  .rodata            const     0x800'82d0     0xc  app_main.o [1]
  .rodata            const     0x800'82dc     0xc  os_core.o [1]
  .rodata            const     0x800'82e8     0xc  task_start.o [1]
  .rodata            const     0x800'82f4     0xc  task_start.o [1]
  .rodata            const     0x800'8300     0xc  task_start.o [1]
  .rodata            const     0x800'830c     0xc  task_start.o [1]
  .text              ro code   0x800'8318     0xc  cstartup_M.o [4]
  .rodata            const     0x800'8324     0x8  bsp_usart.o [1]
  .rodata            const     0x800'832c     0x8  bsp_usart.o [1]
  .rodata            const     0x800'8334     0x8  lib_mem.o [1]
  .rodata            const     0x800'833c     0x8  os_core.o [1]
  .rodata            const     0x800'8344     0x8  os_task.o [1]
  .rodata            const     0x800'834c     0x8  system_stm32f1xx.o [1]
  .rodata            const     0x800'8354     0x4  os_cfg_app.o [1]
  .rodata            const     0x800'8358     0x4  os_cfg_app.o [1]
  .rodata            const     0x800'835c     0x4  os_cfg_app.o [1]
  .rodata            const     0x800'8360     0x4  os_cfg_app.o [1]
  .rodata            const     0x800'8364     0x4  os_cfg_app.o [1]
  .rodata            const     0x800'8368     0x4  os_cfg_app.o [1]
  .rodata            const     0x800'836c     0x4  os_cfg_app.o [1]
  .rodata            const     0x800'8370     0x4  os_cfg_app.o [1]
  .rodata            const     0x800'8374     0x4  os_cfg_app.o [1]
  .rodata            const     0x800'8378     0x4  os_cfg_app.o [1]
  .rodata            const     0x800'837c     0x4  os_cfg_app.o [1]
  .rodata            const     0x800'8380     0x4  os_cfg_app.o [1]
  .rodata            const     0x800'8384     0x4  os_cfg_app.o [1]
  .rodata            const     0x800'8388     0x4  os_cfg_app.o [1]
  .rodata            const     0x800'838c     0x4  os_cfg_app.o [1]
  .rodata            const     0x800'8390     0x4  os_cfg_app.o [1]
  .rodata            const     0x800'8394     0x4  os_cfg_app.o [1]
  .rodata            const     0x800'8398     0x4  os_cfg_app.o [1]
  .rodata            const     0x800'839c     0x4  os_cfg_app.o [1]
  .rodata            const     0x800'83a0     0x4  os_dbg.o [1]
  .rodata            const     0x800'83a4     0x4  os_dbg.o [1]
  .rodata            const     0x800'83a8     0x4  os_dbg.o [1]
  .rodata            const     0x800'83ac     0x4  xlocale_c.o [2]
  .text              ro code   0x800'83b0     0x4  startup_stm32f103xe.o [1]
  .text              ro code   0x800'83b4     0x4  startup_stm32f103xe.o [1]
  .text              ro code   0x800'83b8     0x4  startup_stm32f103xe.o [1]
  .text              ro code   0x800'83bc     0x4  startup_stm32f103xe.o [1]
  .text              ro code   0x800'83c0     0x4  startup_stm32f103xe.o [1]
  .text              ro code   0x800'83c4     0x4  startup_stm32f103xe.o [1]
  .text              ro code   0x800'83c8     0x4  startup_stm32f103xe.o [1]
  .text              ro code   0x800'83cc     0x4  startup_stm32f103xe.o [1]
  .text              ro code   0x800'83d0     0x4  startup_stm32f103xe.o [1]
  .text              ro code   0x800'83d4     0x4  startup_stm32f103xe.o [1]
  .text              ro code   0x800'83d8     0x4  startup_stm32f103xe.o [1]
  .text              ro code   0x800'83dc     0x4  startup_stm32f103xe.o [1]
  .text              ro code   0x800'83e0     0x4  startup_stm32f103xe.o [1]
  .text              ro code   0x800'83e4     0x4  startup_stm32f103xe.o [1]
  .text              ro code   0x800'83e8     0x4  startup_stm32f103xe.o [1]
  .text              ro code   0x800'83ec     0x4  startup_stm32f103xe.o [1]
  .text              ro code   0x800'83f0     0x4  startup_stm32f103xe.o [1]
  .text              ro code   0x800'83f4     0x4  startup_stm32f103xe.o [1]
  .text              ro code   0x800'83f8     0x4  startup_stm32f103xe.o [1]
  .text              ro code   0x800'83fc     0x4  startup_stm32f103xe.o [1]
  .text              ro code   0x800'8400     0x4  startup_stm32f103xe.o [1]
  .text              ro code   0x800'8404     0x4  startup_stm32f103xe.o [1]
  .text              ro code   0x800'8408     0x4  startup_stm32f103xe.o [1]
  .text              ro code   0x800'840c     0x4  startup_stm32f103xe.o [1]
  .text              ro code   0x800'8410     0x4  startup_stm32f103xe.o [1]
  .text              ro code   0x800'8414     0x4  startup_stm32f103xe.o [1]
  .text              ro code   0x800'8418     0x4  startup_stm32f103xe.o [1]
  .text              ro code   0x800'841c     0x4  startup_stm32f103xe.o [1]
  .text              ro code   0x800'8420     0x4  startup_stm32f103xe.o [1]
  .text              ro code   0x800'8424     0x4  startup_stm32f103xe.o [1]
  .text              ro code   0x800'8428     0x4  startup_stm32f103xe.o [1]
  .text              ro code   0x800'842c     0x4  startup_stm32f103xe.o [1]
  .text              ro code   0x800'8430     0x4  startup_stm32f103xe.o [1]
  .text              ro code   0x800'8434     0x4  startup_stm32f103xe.o [1]
  .text              ro code   0x800'8438     0x4  startup_stm32f103xe.o [1]
  .text              ro code   0x800'843c     0x4  startup_stm32f103xe.o [1]
  .text              ro code   0x800'8440     0x4  startup_stm32f103xe.o [1]
  .text              ro code   0x800'8444     0x4  startup_stm32f103xe.o [1]
  .text              ro code   0x800'8448     0x4  startup_stm32f103xe.o [1]
  .text              ro code   0x800'844c     0x4  startup_stm32f103xe.o [1]
  .text              ro code   0x800'8450     0x4  startup_stm32f103xe.o [1]
  .text              ro code   0x800'8454     0x4  startup_stm32f103xe.o [1]
  .text              ro code   0x800'8458     0x4  startup_stm32f103xe.o [1]
  .text              ro code   0x800'845c     0x4  startup_stm32f103xe.o [1]
  .text              ro code   0x800'8460     0x4  startup_stm32f103xe.o [1]
  .text              ro code   0x800'8464     0x4  startup_stm32f103xe.o [1]
  .text              ro code   0x800'8468     0x4  startup_stm32f103xe.o [1]
  .text              ro code   0x800'846c     0x4  startup_stm32f103xe.o [1]
  .text              ro code   0x800'8470     0x4  startup_stm32f103xe.o [1]
  .text              ro code   0x800'8474     0x4  startup_stm32f103xe.o [1]
  .text              ro code   0x800'8478     0x4  startup_stm32f103xe.o [1]
  .rodata            const     0x800'847c     0x1  os_dbg.o [1]
  .rodata            const     0x800'847d     0x1  os_dbg.o [1]
  .rodata            const     0x800'847e     0x1  os_dbg.o [1]
  .rodata            const     0x800'847f     0x1  os_dbg.o [1]
  .rodata            const     0x800'8480     0x1  os_dbg.o [1]
  .rodata            const     0x800'8481     0x1  os_dbg.o [1]
  .rodata            const     0x800'8482     0x1  os_dbg.o [1]
  .rodata            const     0x800'8483     0x1  os_dbg.o [1]
  .rodata            const     0x800'8484     0x1  os_dbg.o [1]
  .rodata            const     0x800'8485     0x1  os_dbg.o [1]
  .rodata            const     0x800'8486     0x1  os_dbg.o [1]
  .rodata            const     0x800'8487     0x1  os_dbg.o [1]
  .rodata            const     0x800'8488     0x1  os_dbg.o [1]
  .rodata            const     0x800'8489     0x1  os_dbg.o [1]
  .rodata            const     0x800'848a     0x1  os_dbg.o [1]
  .rodata            const     0x800'848b     0x1  os_dbg.o [1]
  .rodata            const     0x800'848c     0x1  os_dbg.o [1]
  .rodata            const     0x800'848d     0x1  os_dbg.o [1]
  .rodata            const     0x800'848e     0x1  os_dbg.o [1]
  .rodata            const     0x800'848f     0x1  os_dbg.o [1]
  .rodata            const     0x800'8490     0x1  os_dbg.o [1]
  .rodata            const     0x800'8491     0x1  os_dbg.o [1]
  .rodata            const     0x800'8492     0x1  os_dbg.o [1]
  .rodata            const     0x800'8493     0x1  os_dbg.o [1]
  .rodata            const     0x800'8494     0x1  os_dbg.o [1]
  .rodata            const     0x800'8495     0x1  os_dbg.o [1]
  .rodata            const     0x800'8496     0x1  os_dbg.o [1]
  .rodata            const     0x800'8497     0x1  os_dbg.o [1]
  .rodata            const     0x800'8498     0x1  os_dbg.o [1]
  .rodata            const     0x800'8499     0x1  os_dbg.o [1]
  .rodata            const     0x800'849a     0x1  os_dbg.o [1]
  .rodata            const     0x800'849b     0x1  os_dbg.o [1]
  .rodata            const     0x800'849c     0x0  zero_init3.o [4]
  .rodata            const     0x800'849c     0x0  packbits_init_single.o [4]
  Initializer bytes  const     0x800'849c    0xbc  <for P2-1>
                             - 0x800'8558  0x8428

"P2", part 1 of 3:                          0x218
  P2-1                        0x2000'0000   0x218  <Init block>
    .data            inited   0x2000'0000    0x14  bsp_dac.o [1]
    .data            inited   0x2000'0014    0x24  bsp_dac.o [1]
    .data            inited   0x2000'0038    0x40  bsp_usart.o [1]
    .data            inited   0x2000'0078    0x40  bsp_usart.o [1]
    .data            inited   0x2000'00b8    0x40  bsp_usart.o [1]
    .data            inited   0x2000'00f8    0x40  bsp_usart.o [1]
    .data            inited   0x2000'0138    0x28  mod_measspeed.o [1]
    .data            inited   0x2000'0160    0x28  mod_measspeed.o [1]
    .data            inited   0x2000'0188    0x50  mod_measspeed.o [1]
    .data            inited   0x2000'01d8     0x4  system_stm32f1xx.o [1]
    .data            inited   0x2000'01dc     0x4  task_cml.o [1]
    .data            inited   0x2000'01e0    0x38  xlocale_c.o [2]
                            - 0x2000'0218   0x218

"P2", part 2 of 3:                         0x4c80
  .bss               zero     0x2000'0218   0x800  task_start.o [1]
  .bss               zero     0x2000'0a18   0x800  task_start.o [1]
  .bss               zero     0x2000'1218   0x4b0  bsp_gpio.o [1]
  .bss               zero     0x2000'16c8   0x424  mod_stdbus.o [1]
  .bss               zero     0x2000'1aec   0x400  lib_mem.o [1]
  .bss               zero     0x2000'1eec   0x400  os_cfg_app.o [1]
  .bss               zero     0x2000'22ec   0x400  os_cfg_app.o [1]
  .bss               zero     0x2000'26ec   0x400  os_cfg_app.o [1]
  .bss               zero     0x2000'2aec   0x400  os_cfg_app.o [1]
  .bss               zero     0x2000'2eec   0x400  task_start.o [1]
  .bss               zero     0x2000'32ec   0x400  task_start.o [1]
  .bss               zero     0x2000'36ec   0x3e8  bsp_usart.o [1]
  .bss               zero     0x2000'3ad4   0x320  bsp_gpio.o [1]
  .bss               zero     0x2000'3df4   0x258  bsp_usart.o [1]
  .bss               zero     0x2000'404c   0x200  os_cfg_app.o [1]
  .bss               zero     0x2000'424c   0x200  os_cfg_app.o [1]
  .bss               zero     0x2000'444c   0x180  os_var.o [1]
  .bss               zero     0x2000'45cc    0xd4  os_var.o [1]
  .bss               zero     0x2000'46a0    0xd4  os_var.o [1]
  .bss               zero     0x2000'4774    0xd4  os_var.o [1]
  .bss               zero     0x2000'4848    0xd4  os_var.o [1]
  .bss               zero     0x2000'491c    0xd4  task_start.o [1]
  .bss               zero     0x2000'49f0    0xd4  task_start.o [1]
  .bss               zero     0x2000'4ac4    0xd4  task_start.o [1]
  .bss               zero     0x2000'4b98    0xd4  task_start.o [1]
  .bss               zero     0x2000'4c6c    0x30  os_var.o [1]
  .bss               zero     0x2000'4c9c    0x30  task_start.o [1]
  .bss               zero     0x2000'4ccc    0x30  task_start.o [1]
  .bss               zero     0x2000'4cfc    0x30  task_start.o [1]
  .bss               zero     0x2000'4d2c    0x30  task_start.o [1]
  .bss               zero     0x2000'4d5c    0x28  task_start.o [1]
  .bss               zero     0x2000'4d84    0x14  lib_mem.o [1]
  .bss               zero     0x2000'4d98    0x10  cpu_core.o [1]
  .bss               zero     0x2000'4da8     0xc  os_var.o [1]
  .bss               zero     0x2000'4db4     0x8  os_var.o [1]
  .bss               zero     0x2000'4dbc     0x8  os_var.o [1]
  .bss               zero     0x2000'4dc4     0x4  bsp_timer.o [1]
  .bss               zero     0x2000'4dc8     0x4  bsp_usart.o [1]
  .bss               zero     0x2000'4dcc     0x4  cpu_core.o [1]
  .bss               zero     0x2000'4dd0     0x4  cpu_core.o [1]
  .bss               zero     0x2000'4dd4     0x4  cpu_core.o [1]
  .bss               zero     0x2000'4dd8     0x4  cpu_core.o [1]
  .bss               zero     0x2000'4ddc     0x4  cpu_core.o [1]
  .bss               zero     0x2000'4de0     0x4  cpu_core.o [1]
  .bss               zero     0x2000'4de4     0x4  lib_math.o [1]
  .bss               zero     0x2000'4de8     0x4  lib_mem.o [1]
  .bss               zero     0x2000'4dec     0x4  os_cpu_c.o [1]
  .bss               zero     0x2000'4df0     0x4  os_prio.o [1]
  .bss               zero     0x2000'4df4     0x4  os_var.o [1]
  .bss               zero     0x2000'4df8     0x4  os_var.o [1]
  .bss               zero     0x2000'4dfc     0x4  os_var.o [1]
  .bss               zero     0x2000'4e00     0x4  os_var.o [1]
  .bss               zero     0x2000'4e04     0x4  os_var.o [1]
  .bss               zero     0x2000'4e08     0x4  os_var.o [1]
  .bss               zero     0x2000'4e0c     0x4  os_var.o [1]
  .bss               zero     0x2000'4e10     0x4  os_var.o [1]
  .bss               zero     0x2000'4e14     0x4  os_var.o [1]
  .bss               zero     0x2000'4e18     0x4  os_var.o [1]
  .bss               zero     0x2000'4e1c     0x4  os_var.o [1]
  .bss               zero     0x2000'4e20     0x4  os_var.o [1]
  .bss               zero     0x2000'4e24     0x4  os_var.o [1]
  .bss               zero     0x2000'4e28     0x4  os_var.o [1]
  .bss               zero     0x2000'4e2c     0x4  os_var.o [1]
  .bss               zero     0x2000'4e30     0x4  os_var.o [1]
  .bss               zero     0x2000'4e34     0x4  os_var.o [1]
  .bss               zero     0x2000'4e38     0x4  os_var.o [1]
  .bss               zero     0x2000'4e3c     0x4  os_var.o [1]
  .bss               zero     0x2000'4e40     0x4  os_var.o [1]
  .bss               zero     0x2000'4e44     0x4  os_var.o [1]
  .bss               zero     0x2000'4e48     0x4  os_var.o [1]
  .bss               zero     0x2000'4e4c     0x4  os_var.o [1]
  .bss               zero     0x2000'4e50     0x4  os_var.o [1]
  .bss               zero     0x2000'4e54     0x4  os_var.o [1]
  .bss               zero     0x2000'4e58     0x4  os_var.o [1]
  .bss               zero     0x2000'4e5c     0x4  os_var.o [1]
  .bss               zero     0x2000'4e60     0x4  os_var.o [1]
  .bss               zero     0x2000'4e64     0x4  os_var.o [1]
  .bss               zero     0x2000'4e68     0x4  os_var.o [1]
  .bss               zero     0x2000'4e6c     0x4  stm32f1xx_hal.o [1]
  .bss               zero     0x2000'4e70     0x4  xfail_s.o [2]
  .bss               zero     0x2000'4e74     0x2  cpu_core.o [1]
  .bss               zero     0x2000'4e76     0x2  cpu_core.o [1]
  .bss               zero     0x2000'4e78     0x2  os_var.o [1]
  .bss               zero     0x2000'4e7a     0x2  os_var.o [1]
  .bss               zero     0x2000'4e7c     0x2  os_var.o [1]
  .bss               zero     0x2000'4e7e     0x2  os_var.o [1]
  .bss               zero     0x2000'4e80     0x2  os_var.o [1]
  .bss               zero     0x2000'4e82     0x2  os_var.o [1]
  .bss               zero     0x2000'4e84     0x2  os_var.o [1]
  .bss               zero     0x2000'4e86     0x2  os_var.o [1]
  .bss               zero     0x2000'4e88     0x2  os_var.o [1]
  .bss               zero     0x2000'4e8a     0x1  bsp_gpio.o [1]
  .bss               zero     0x2000'4e8b     0x1  bsp_usart.o [1]
  .bss               zero     0x2000'4e8c     0x1  os_var.o [1]
  .bss               zero     0x2000'4e8d     0x1  os_var.o [1]
  .bss               zero     0x2000'4e8e     0x1  os_var.o [1]
  .bss               zero     0x2000'4e8f     0x1  os_var.o [1]
  .bss               zero     0x2000'4e90     0x1  os_var.o [1]
  .bss               zero     0x2000'4e91     0x1  os_var.o [1]
  .bss               zero     0x2000'4e92     0x1  os_var.o [1]
  .bss               zero     0x2000'4e93     0x1  os_var.o [1]
  .bss               zero     0x2000'4e94     0x1  os_var.o [1]
  .bss               zero     0x2000'4e95     0x1  task_start.o [1]
                            - 0x2000'4e96  0x4c7e

"P2", part 3 of 3:                          0x400
  CSTACK                      0x2000'4e98   0x400  <Block>
    CSTACK           uninit   0x2000'4e98   0x400  <Block tail>
                            - 0x2000'5298   0x400

Unused ranges:

         From           To      Size
         ----           --      ----
   0x800'8558   0x80f'ffff  0xf'7aa8
  0x2000'5298  0x2001'ffff  0x1'ad68


*******************************************************************************
*** INIT TABLE
***

          Address      Size
          -------      ----
Zero (__iar_zero_init3)
    1 destination range, total size 0x4c7e:
          0x2000'0218  0x4c7e

Copy/packbits (__iar_packbits_init_single3)
    1 source range, total size 0xbc (35% of destination):
           0x800'849c    0xbc
    1 destination range, total size 0x218:
          0x2000'0000   0x218



*******************************************************************************
*** MODULE SUMMARY
***

    Module                  ro code  ro data  rw data
    ------                  -------  -------  -------
command line/config:
    -------------------------------------------------
    Total:

D:\Wangjiangbo\Documents\GitHub\Gas_MeasSpeed\Projects\IAR_OS1\Debug\Obj: [1]
    app_main.o                  120       12
    app_stdbus.o                 10
    bsp.o                       116
    bsp_clock.o                 156
    bsp_dac.o                   156       19       56
    bsp_gpio.o                1 088             2 001
    bsp_os.o                     36
    bsp_timer.o                 368       32        4
    bsp_usart.o               1 332      106    1 861
    cpu_a.o                      52
    cpu_bsp.o                    88
    cpu_core.o                  424                44
    lib_math.o                   44                 4
    lib_mem.o                   248        8    1 048
    mod_crc16.o                  96      512
    mod_measspeed.o           1 008      444      160
    mod_stdbus.o              1 370             1 060
    os_app_hooks.o              146
    os_cfg_app.o                  2       81    5 120
    os_core.o                 2 160       40
    os_cpu_a.o                  224
    os_cpu_c.o                  488                 4
    os_dbg.o                    400      345
    os_mem.o                     28
    os_msg.o                    464
    os_mutex.o                1 110
    os_prio.o                   116                 4
    os_q.o                      184
    os_sem.o                    164
    os_stat.o                 1 284       20
    os_task.o                 3 444        8
    os_tick.o                 1 152       20
    os_time.o                   684
    os_tmr.o                    500       40
    os_var.o                                    1 455
    startup_stm32f103xe.o       524
    stm32f1xx_hal.o              52                 4
    stm32f1xx_hal_cortex.o      352
    stm32f1xx_hal_dac.o         268
    stm32f1xx_hal_gpio.o        888
    stm32f1xx_hal_msp.o         164
    stm32f1xx_hal_rcc.o       1 556       18
    stm32f1xx_hal_uart.o        584
    stm32f1xx_it.o               34
    system_stm32f1xx.o           88       25        4
    task_cml.o                  156        2        4
    task_measspeed.o             68       24
    task_start.o                400      152    7 225
    task_stdbus.o                14
    -------------------------------------------------
    Total:                   24 410    1 908   20 058

dl7M_tlf.a: [2]
    abort.o                       6
    exit.o                        4
    low_level_init.o              4
    vsprintf.o                   52
    xfail_s.o                    64                 4
    xlocale_c.o                   8       24       56
    xprintffull_nomb.o        3 622
    xsprout.o                    10
    -------------------------------------------------
    Total:                    3 770       24       60

m7M_tl.a: [3]
    DblAdd.o                    378
    DblCmpGe.o                   46
    DblCmpLe.o                   46
    DblDiv.o                    582
    DblMul.o                    418
    DblSub.o                    226
    DblToS32.o                   58
    DblToU32.o                   40
    FltDiv.o                    252
    FltMul.o                    216
    FltToS32.o                   42
    S32ToDbl.o                   34
    U32ToDbl.o                   26
    U32ToFlt.o                   28
    frexp.o                     112
    ldexp.o                     314
    -------------------------------------------------
    Total:                    2 818

rt7M_tl.a: [4]
    ABImemclr4.o                  6
    ABImemcpy.o                 166
    ABImemset48.o                50
    I64DivMod.o                 560
    I64DivZer.o                   2
    cexit.o                      10
    cmain.o                      30
    cstartup_M.o                 12
    data_init.o                  40
    memchr.o                     88
    packbits_init_single.o       56
    strchr.o                     22
    strlen.o                     54
    zero_init3.o                 58
    -------------------------------------------------
    Total:                    1 154

shb_l.a: [5]
    exit.o                       20
    -------------------------------------------------
    Total:                       20

    Linker created                        32    1 024
-----------------------------------------------------
    Grand Total:             32 172    1 964   21 142


*******************************************************************************
*** ENTRY LIST
***

Entry                       Address   Size  Type      Object
-----                       -------   ----  ----      ------
.iar.init_table$$Base    0x800'80bc          --   Gb  - Linker created -
.iar.init_table$$Limit   0x800'80dc          --   Gb  - Linker created -
?main                    0x800'815d         Code  Gb  cmain.o [4]
AHBPrescTable            0x800'82a0   0x10  Data  Gb  system_stm32f1xx.o [1]
APBPrescTable            0x800'834c    0x8  Data  Gb  system_stm32f1xx.o [1]
AppObjCreate             0x800'7353   0x40  Code  Gb  task_start.o [1]
AppTaskCreate            0x800'72b5   0x9e  Code  Gb  task_start.o [1]
App_OS_IdleTaskHook      0x800'7c95    0x2  Code  Gb  os_app_hooks.o [1]
App_OS_SetAllHooks       0x800'7c29   0x50  Code  Gb  os_app_hooks.o [1]
App_OS_StatTaskHook      0x800'7c99    0x2  Code  Gb  os_app_hooks.o [1]
App_OS_TaskCreateHook    0x800'7c9d    0x8  Code  Gb  os_app_hooks.o [1]
App_OS_TaskDelHook       0x800'7ca5    0x8  Code  Gb  os_app_hooks.o [1]
App_OS_TaskReturnHook    0x800'7cad    0x8  Code  Gb  os_app_hooks.o [1]
App_OS_TaskSwHook        0x800'7cb5    0x2  Code  Gb  os_app_hooks.o [1]
App_OS_TimeTickHook      0x800'7cb9    0x2  Code  Gb  os_app_hooks.o [1]
BSP_ClkFreqGet           0x800'4f31   0x30  Code  Gb  bsp_clock.o [1]
BSP_OSTickInit           0x800'56d5    0xe  Code  Gb  bsp_os.o [1]
BSP_SystemClkCfg         0x800'4ec5   0x6c  Code  Gb  bsp_clock.o [1]
Bsp_Dac1                0x2000'0014   0x24  Data  Gb  bsp_dac.o [1]
Bsp_DacInit              0x800'75c1   0x2e  Code  Gb  bsp_dac.o [1]
Bsp_DacSetVolt           0x800'75ef   0x2c  Code  Gb  bsp_dac.o [1]
Bsp_DelayMs              0x800'69f5   0x18  Code  Gb  bsp_timer.o [1]
Bsp_DelayUs              0x800'69b5   0x40  Code  Gb  bsp_timer.o [1]
Bsp_GetInterval          0x800'6ab7   0x44  Code  Gb  bsp_timer.o [1]
Bsp_GetTimeSample        0x800'6a5b   0x5c  Code  Gb  bsp_timer.o [1]
Bsp_GpioInit             0x800'5c55  0x1c6  Code  Gb  bsp_gpio.o [1]
Bsp_Init                 0x800'73f1   0x74  Code  Gb  bsp.o [1]
Bsp_IntDis               0x800'69ad    0x4  Code  Lc  bsp_timer.o [1]
Bsp_IntEn                0x800'69b1    0x4  Code  Lc  bsp_timer.o [1]
Bsp_Laser1               0x800'5e3f   0x10  Code  Gb  bsp_gpio.o [1]
Bsp_Laser2               0x800'5e4f   0x12  Code  Gb  bsp_gpio.o [1]
Bsp_Led1                 0x800'5e61   0x10  Code  Gb  bsp_gpio.o [1]
Bsp_Led2                 0x800'5e71   0x12  Code  Gb  bsp_gpio.o [1]
Bsp_Rs485de              0x800'5e2d   0x12  Code  Gb  bsp_gpio.o [1]
Bsp_RunLed               0x800'5e1b   0x12  Code  Gb  bsp_gpio.o [1]
Bsp_TimeSampleInit       0x800'6a0d   0x4e  Code  Gb  bsp_timer.o [1]
Bsp_UartClose            0x800'6331    0xc  Code  Gb  bsp_usart.o [1]
Bsp_UartOpen             0x800'62b7   0x7a  Code  Gb  bsp_usart.o [1]
Bsp_UartPrintf           0x800'6515   0x7c  Code  Gb  bsp_usart.o [1]
Bsp_UartPrintf::auch_PrintfBuff
                        0x2000'36ec  0x3e8  Data  Lc  bsp_usart.o [1]
Bsp_UartPrintf::len     0x2000'4dc8    0x4  Data  Lc  bsp_usart.o [1]
Bsp_UartPrintf::uch_Index
                        0x2000'4e8b    0x1  Data  Lc  bsp_usart.o [1]
Bsp_UartSend             0x800'633d   0x56  Code  Gb  bsp_usart.o [1]
Bsp_UsartRxDisable       0x800'616d    0xc  Code  Gb  bsp_usart.o [1]
Bsp_UsartRxEnable        0x800'6161    0xc  Code  Gb  bsp_usart.o [1]
Bsp_UsartTxDisable       0x800'618b    0xc  Code  Gb  bsp_usart.o [1]
Bsp_UsartTxEnable        0x800'6179   0x12  Code  Gb  bsp_usart.o [1]
BusFault_Handler         0x800'808f    0x2  Code  Gb  stm32f1xx_it.o [1]
COM1                    0x2000'00b8   0x40  Data  Gb  bsp_usart.o [1]
COM4                    0x2000'00f8   0x40  Data  Gb  bsp_usart.o [1]
CPU_CntLeadZeros         0x800'40a7         Code  Gb  cpu_a.o [1]
CPU_CntTrailZeros        0x800'40ad         Code  Gb  cpu_a.o [1]
CPU_Init                 0x800'2da9   0x10  Code  Gb  cpu_core.o [1]
CPU_IntDis               0x800'4089         Code  Gb  cpu_a.o [1]
CPU_IntDisMeasCtr       0x2000'4e74    0x2  Data  Gb  cpu_core.o [1]
CPU_IntDisMeasInit       0x800'2ea3   0x76  Code  Lc  cpu_core.o [1]
CPU_IntDisMeasMaxCalc    0x800'2f19   0x12  Code  Lc  cpu_core.o [1]
CPU_IntDisMeasMaxCurGet
                         0x800'2dfd   0x18  Code  Gb  cpu_core.o [1]
CPU_IntDisMeasMaxCurReset
                         0x800'2de3   0x1a  Code  Gb  cpu_core.o [1]
CPU_IntDisMeasMaxCur_cnts
                        0x2000'4ddc    0x4  Data  Gb  cpu_core.o [1]
CPU_IntDisMeasMaxGet     0x800'2e15   0x18  Code  Gb  cpu_core.o [1]
CPU_IntDisMeasMax_cnts  0x2000'4de0    0x4  Data  Gb  cpu_core.o [1]
CPU_IntDisMeasOvrhd_cnts
                        0x2000'4dd8    0x4  Data  Gb  cpu_core.o [1]
CPU_IntDisMeasStart      0x800'2e2d   0x22  Code  Gb  cpu_core.o [1]
CPU_IntDisMeasStart_cnts
                        0x2000'4dd0    0x4  Data  Gb  cpu_core.o [1]
CPU_IntDisMeasStop       0x800'2e4f   0x36  Code  Gb  cpu_core.o [1]
CPU_IntDisMeasStop_cnts
                        0x2000'4dd4    0x4  Data  Gb  cpu_core.o [1]
CPU_IntDisNestCtr       0x2000'4e76    0x2  Data  Gb  cpu_core.o [1]
CPU_IntEn                0x800'408d         Code  Gb  cpu_a.o [1]
CPU_Name                0x2000'4d98   0x10  Data  Gb  cpu_core.o [1]
CPU_NameClr              0x800'2dbb   0x22  Code  Gb  cpu_core.o [1]
CPU_NameInit             0x800'2e8d    0x8  Code  Lc  cpu_core.o [1]
CPU_RevBits              0x800'40b7         Code  Gb  cpu_a.o [1]
CPU_SR_Restore           0x800'4099         Code  Gb  cpu_a.o [1]
CPU_SR_Save              0x800'4091         Code  Gb  cpu_a.o [1]
CPU_SW_Exception         0x800'2db9    0x2  Code  Gb  cpu_core.o [1]
CPU_StatReset            0x800'2e85    0x8  Code  Gb  cpu_core.o [1]
CPU_TS_Init              0x800'2e95    0xe  Code  Lc  cpu_core.o [1]
CPU_TS_TmrFreqSet        0x800'2ddd    0x6  Code  Gb  cpu_core.o [1]
CPU_TS_TmrFreq_Hz       0x2000'4dcc    0x4  Data  Gb  cpu_core.o [1]
CPU_TS_TmrInit           0x800'3835   0x3a  Code  Gb  cpu_bsp.o [1]
CPU_TS_TmrRd             0x800'386f    0x6  Code  Gb  cpu_bsp.o [1]
CPU_WaitForExcept        0x800'40a3         Code  Gb  cpu_a.o [1]
CPU_WaitForInt           0x800'409f         Code  Gb  cpu_a.o [1]
CSTACK$$Base            0x2000'4e98          --   Gb  - Linker created -
CSTACK$$Limit           0x2000'5298          --   Gb  - Linker created -
Deal_CmdPack             0x800'5c27   0x2a  Code  Gb  mod_stdbus.o [1]
Deal_ComPack             0x800'59fb  0x106  Code  Gb  mod_stdbus.o [1]
Deal_MasterPack          0x800'662f    0x4  Code  Gb  app_stdbus.o [1]
Deal_RecvByte            0x800'5891   0xf8  Code  Gb  mod_stdbus.o [1]
Deal_SlavePack           0x800'6629    0x6  Code  Gb  app_stdbus.o [1]
DebugMon_Handler         0x800'8095    0x2  Code  Gb  stm32f1xx_it.o [1]
EXTI0_IRQHandler         0x800'5e83   0x26  Code  Gb  bsp_gpio.o [1]
EXTI15_10_IRQHandler     0x800'5f83   0x50  Code  Gb  bsp_gpio.o [1]
EXTI1_IRQHandler         0x800'5ea9   0x26  Code  Gb  bsp_gpio.o [1]
EXTI2_IRQHandler         0x800'5ecf   0x26  Code  Gb  bsp_gpio.o [1]
EXTI3_IRQHandler         0x800'5ef5   0x26  Code  Gb  bsp_gpio.o [1]
EXTI4_IRQHandler         0x800'5f1b   0x26  Code  Gb  bsp_gpio.o [1]
EXTI9_5_IRQHandler       0x800'5f41   0x42  Code  Gb  bsp_gpio.o [1]
ErrHandle                0x800'570f    0x2  Code  Gb  mod_stdbus.o [1]
GetCrc16Bit              0x800'65c9   0x60  Code  Gb  mod_crc16.o [1]
HAL_DAC_ConfigChannel    0x800'76ed   0x52  Code  Gb  stm32f1xx_hal_dac.o [1]
HAL_DAC_Init             0x800'765d   0x2c  Code  Gb  stm32f1xx_hal_dac.o [1]
HAL_DAC_MspInit          0x800'761b   0x34  Code  Gb  bsp_dac.o [1]
HAL_DAC_SetValue         0x800'773f   0x2a  Code  Gb  stm32f1xx_hal_dac.o [1]
HAL_DAC_Start            0x800'7689   0x64  Code  Gb  stm32f1xx_hal_dac.o [1]
HAL_GPIO_DeInit          0x800'6807  0x118  Code  Gb  stm32f1xx_hal_gpio.o [1]
HAL_GPIO_EXTI_Callback   0x800'5fd3   0x96  Code  Gb  bsp_gpio.o [1]
HAL_GPIO_EXTI_Callback::st_Event
                        0x2000'1218  0x4b0  Data  Lc  bsp_gpio.o [1]
HAL_GPIO_EXTI_Callback::st_Ts
                        0x2000'3ad4  0x320  Data  Lc  bsp_gpio.o [1]
HAL_GPIO_EXTI_Callback::uch_Index
                        0x2000'4e8a    0x1  Data  Lc  bsp_gpio.o [1]
HAL_GPIO_EXTI_IRQHandler
                         0x800'6945   0x1c  Code  Gb  stm32f1xx_hal_gpio.o [1]
HAL_GPIO_Init            0x800'6635  0x1d2  Code  Gb  stm32f1xx_hal_gpio.o [1]
HAL_GPIO_ReadPin         0x800'691f   0x12  Code  Gb  stm32f1xx_hal_gpio.o [1]
HAL_GPIO_WritePin        0x800'6931   0x14  Code  Gb  stm32f1xx_hal_gpio.o [1]
HAL_GetTick              0x800'56ef    0xa  Code  Gb  bsp_os.o [1]
HAL_IncTick              0x800'80ad   0x10  Code  Wk  stm32f1xx_hal.o [1]
HAL_Init                 0x800'7d35   0x20  Code  Gb  stm32f1xx_hal.o [1]
HAL_InitTick             0x800'56e3    0xc  Code  Gb  bsp_os.o [1]
HAL_MspInit              0x800'7b85   0x98  Code  Gb  stm32f1xx_hal_msp.o [1]
HAL_NVIC_DisableIRQ      0x800'5683    0xa  Code  Gb  stm32f1xx_hal_cortex.o [1]
HAL_NVIC_EnableIRQ       0x800'5679    0xa  Code  Gb  stm32f1xx_hal_cortex.o [1]
HAL_NVIC_SetPriority     0x800'5657   0x22  Code  Gb  stm32f1xx_hal_cortex.o [1]
HAL_NVIC_SetPriorityGrouping
                         0x800'564f    0x8  Code  Gb  stm32f1xx_hal_cortex.o [1]
HAL_RCC_ClockConfig      0x800'530d  0x164  Code  Gb  stm32f1xx_hal_rcc.o [1]
HAL_RCC_GetHCLKFreq      0x800'54d7    0x6  Code  Gb  stm32f1xx_hal_rcc.o [1]
HAL_RCC_GetPCLK1Freq     0x800'54dd   0x16  Code  Gb  stm32f1xx_hal_rcc.o [1]
HAL_RCC_GetPCLK2Freq     0x800'54f3   0x16  Code  Gb  stm32f1xx_hal_rcc.o [1]
HAL_RCC_GetSysClockFreq
                         0x800'5471   0x66  Code  Gb  stm32f1xx_hal_rcc.o [1]
HAL_RCC_OscConfig        0x800'4f61  0x3ac  Code  Gb  stm32f1xx_hal_rcc.o [1]
HAL_SYSTICK_CLKSourceConfig
                         0x800'5695   0x1c  Code  Gb  stm32f1xx_hal_cortex.o [1]
HAL_SYSTICK_Config       0x800'568d    0x8  Code  Gb  stm32f1xx_hal_cortex.o [1]
HAL_UART_DeInit          0x800'6b93   0x32  Code  Gb  stm32f1xx_hal_uart.o [1]
HAL_UART_Init            0x800'6b1d   0x76  Code  Gb  stm32f1xx_hal_uart.o [1]
HAL_UART_MspDeInit       0x800'64a3   0x72  Code  Gb  bsp_usart.o [1]
HAL_UART_MspInit         0x800'6393  0x110  Code  Gb  bsp_usart.o [1]
HardFault_Handler        0x800'808b    0x2  Code  Gb  stm32f1xx_it.o [1]
LL_USART_ClearFlag_FE    0x800'60d1   0x12  Code  Lc  bsp_usart.o [1]
LL_USART_ClearFlag_ORE   0x800'60e3   0x12  Code  Lc  bsp_usart.o [1]
LL_USART_ClearFlag_TC    0x800'60f5    0x8  Code  Lc  bsp_usart.o [1]
LL_USART_DisableIT_RXNE
                         0x800'611b    0xa  Code  Lc  bsp_usart.o [1]
LL_USART_DisableIT_TC    0x800'6125    0xa  Code  Lc  bsp_usart.o [1]
LL_USART_EnableIT_ERROR
                         0x800'6111    0xa  Code  Lc  bsp_usart.o [1]
LL_USART_EnableIT_RXNE   0x800'60fd    0xa  Code  Lc  bsp_usart.o [1]
LL_USART_EnableIT_TC     0x800'6107    0xa  Code  Lc  bsp_usart.o [1]
LL_USART_IsActiveFlag_FE
                         0x800'6095    0xa  Code  Lc  bsp_usart.o [1]
LL_USART_IsActiveFlag_NE
                         0x800'609f    0xa  Code  Lc  bsp_usart.o [1]
LL_USART_IsActiveFlag_ORE
                         0x800'60a9    0xa  Code  Lc  bsp_usart.o [1]
LL_USART_IsActiveFlag_RXNE
                         0x800'60b3    0xa  Code  Lc  bsp_usart.o [1]
LL_USART_IsActiveFlag_TC
                         0x800'60bd    0xa  Code  Lc  bsp_usart.o [1]
LL_USART_IsActiveFlag_TXE
                         0x800'60c7    0xa  Code  Lc  bsp_usart.o [1]
LL_USART_IsEnabledIT_ERROR
                         0x800'614d    0x8  Code  Lc  bsp_usart.o [1]
LL_USART_IsEnabledIT_RXNE
                         0x800'612f    0xa  Code  Lc  bsp_usart.o [1]
LL_USART_IsEnabledIT_TC
                         0x800'6139    0xa  Code  Lc  bsp_usart.o [1]
LL_USART_IsEnabledIT_TXE
                         0x800'6143    0xa  Code  Lc  bsp_usart.o [1]
LL_USART_ReceiveData8    0x800'6155    0x6  Code  Lc  bsp_usart.o [1]
LL_USART_TransmitData8   0x800'615b    0x6  Code  Lc  bsp_usart.o [1]
LoadInt                  0x800'02df   0x7a  Code  Lc  xprintffull_nomb.o [2]
Make_ComPack             0x800'5b01  0x126  Code  Gb  mod_stdbus.o [1]
Math_Init                0x800'7d59    0xa  Code  Gb  lib_math.o [1]
Math_RandSeedCur        0x2000'4de4    0x4  Data  Gb  lib_math.o [1]
Math_RandSetSeed         0x800'7d63   0x1e  Code  Gb  lib_math.o [1]
MemManage_Handler        0x800'808d    0x2  Code  Gb  stm32f1xx_it.o [1]
Mem_Clr                  0x800'3fc9    0xc  Code  Gb  lib_mem.o [1]
Mem_Heap                0x2000'1aec  0x400  Data  Gb  lib_mem.o [1]
Mem_Init                 0x800'3f91   0x38  Code  Gb  lib_mem.o [1]
Mem_SegCreate            0x800'4021   0x40  Code  Gb  lib_mem.o [1]
Mem_SegCreateCritical    0x800'4061   0x18  Code  Lc  lib_mem.o [1]
Mem_SegHeadPtr          0x2000'4de8    0x4  Data  Gb  lib_mem.o [1]
Mem_SegHeap             0x2000'4d84   0x14  Data  Gb  lib_mem.o [1]
Mem_Set                  0x800'3fd5   0x4c  Code  Gb  lib_mem.o [1]
Mod_MeasSpeedCal         0x800'6f8d  0x118  Code  Gb  mod_measspeed.o [1]
Mod_MeasSpeedInit        0x800'6f7b   0x12  Code  Gb  mod_measspeed.o [1]
Mod_MeasSpeedPoll        0x800'70a5  0x17c  Code  Gb  mod_measspeed.o [1]
Mod_SaveTsAtoTsB         0x800'6e71   0x10  Code  Gb  mod_measspeed.o [1]
Mod_SenseEnableFalling   0x800'6e9f   0x1e  Code  Gb  mod_measspeed.o [1]
Mod_SenseEnableRising    0x800'6e81   0x1e  Code  Gb  mod_measspeed.o [1]
Mod_SenseEventHandle     0x800'6ebd   0xa0  Code  Gb  mod_measspeed.o [1]
Mod_SenseSetHigh         0x800'6f6b   0x10  Code  Gb  mod_measspeed.o [1]
Mod_SenseSetLow          0x800'6f5d    0xe  Code  Gb  mod_measspeed.o [1]
NMI_Handler              0x800'8089    0x2  Code  Gb  stm32f1xx_it.o [1]
NVIC_DisableIRQ          0x800'55ad   0x14  Code  Lc  stm32f1xx_hal_cortex.o [1]
NVIC_EnableIRQ           0x800'5599   0x14  Code  Lc  stm32f1xx_hal_cortex.o [1]
NVIC_EncodePriority      0x800'55e5   0x3c  Code  Lc  stm32f1xx_hal_cortex.o [1]
NVIC_GetPriorityGrouping
                         0x800'558f    0xa  Code  Lc  stm32f1xx_hal_cortex.o [1]
NVIC_SetPriority         0x800'55c1   0x24  Code  Lc  stm32f1xx_hal_cortex.o [1]
NVIC_SetPriorityGrouping
                         0x800'5575   0x1a  Code  Lc  stm32f1xx_hal_cortex.o [1]
OSCfg_ISRStk            0x2000'1eec  0x400  Data  Gb  os_cfg_app.o [1]
OSCfg_ISRStkBasePtr      0x800'8360    0x4  Data  Gb  os_cfg_app.o [1]
OSCfg_ISRStkSize         0x800'8364    0x4  Data  Gb  os_cfg_app.o [1]
OSCfg_IdleTaskStk       0x2000'404c  0x200  Data  Gb  os_cfg_app.o [1]
OSCfg_IdleTaskStkBasePtr
                         0x800'8354    0x4  Data  Gb  os_cfg_app.o [1]
OSCfg_IdleTaskStkLimit   0x800'8358    0x4  Data  Gb  os_cfg_app.o [1]
OSCfg_IdleTaskStkSize    0x800'835c    0x4  Data  Gb  os_cfg_app.o [1]
OSCfg_Init               0x800'4de1    0x2  Code  Gb  os_cfg_app.o [1]
OSCfg_MsgPool           0x2000'424c  0x200  Data  Gb  os_cfg_app.o [1]
OSCfg_MsgPoolBasePtr     0x800'8368    0x4  Data  Gb  os_cfg_app.o [1]
OSCfg_MsgPoolSize        0x800'1026    0x2  Data  Gb  os_cfg_app.o [1]
OSCfg_StatTaskPrio       0x800'80aa    0x1  Data  Gb  os_cfg_app.o [1]
OSCfg_StatTaskRate_Hz    0x800'836c    0x4  Data  Gb  os_cfg_app.o [1]
OSCfg_StatTaskStk       0x2000'22ec  0x400  Data  Gb  os_cfg_app.o [1]
OSCfg_StatTaskStkBasePtr
                         0x800'8370    0x4  Data  Gb  os_cfg_app.o [1]
OSCfg_StatTaskStkLimit   0x800'8374    0x4  Data  Gb  os_cfg_app.o [1]
OSCfg_StatTaskStkSize    0x800'8378    0x4  Data  Gb  os_cfg_app.o [1]
OSCfg_StkSizeMin         0x800'837c    0x4  Data  Gb  os_cfg_app.o [1]
OSCfg_TickRate_Hz        0x800'8380    0x4  Data  Gb  os_cfg_app.o [1]
OSCfg_TickTaskPrio       0x800'80ab    0x1  Data  Gb  os_cfg_app.o [1]
OSCfg_TickTaskStk       0x2000'26ec  0x400  Data  Gb  os_cfg_app.o [1]
OSCfg_TickTaskStkBasePtr
                         0x800'8384    0x4  Data  Gb  os_cfg_app.o [1]
OSCfg_TickTaskStkLimit   0x800'8388    0x4  Data  Gb  os_cfg_app.o [1]
OSCfg_TickTaskStkSize    0x800'838c    0x4  Data  Gb  os_cfg_app.o [1]
OSCfg_TmrTaskPrio        0x800'8182    0x1  Data  Gb  os_cfg_app.o [1]
OSCfg_TmrTaskRate_Hz     0x800'8390    0x4  Data  Gb  os_cfg_app.o [1]
OSCfg_TmrTaskStk        0x2000'2aec  0x400  Data  Gb  os_cfg_app.o [1]
OSCfg_TmrTaskStkBasePtr
                         0x800'8394    0x4  Data  Gb  os_cfg_app.o [1]
OSCfg_TmrTaskStkLimit    0x800'8398    0x4  Data  Gb  os_cfg_app.o [1]
OSCfg_TmrTaskStkSize     0x800'839c    0x4  Data  Gb  os_cfg_app.o [1]
OSCtxSw                  0x800'4e5f         Code  Gb  os_cpu_a.o [1]
OSDbg_AppHooksEn         0x800'818f    0x1  Data  Gb  os_dbg.o [1]
OSDbg_ArgChkEn           0x800'818e    0x1  Data  Gb  os_dbg.o [1]
OSDbg_CalledFromISRChkEn
                         0x800'82ce    0x1  Data  Gb  os_dbg.o [1]
OSDbg_DataSize           0x800'83a8    0x4  Data  Gb  os_dbg.o [1]
OSDbg_DbgEn              0x800'8183    0x1  Data  Gb  os_dbg.o [1]
OSDbg_EndiannessTest     0x800'83a0    0x4  Data  Gb  os_dbg.o [1]
OSDbg_FlagDelEn          0x800'847c    0x1  Data  Gb  os_dbg.o [1]
OSDbg_FlagEn             0x800'82cf    0x1  Data  Gb  os_dbg.o [1]
OSDbg_FlagGrp            0x800'7fec   0x28  Data  Gb  os_dbg.o [1]
OSDbg_FlagGrpSize        0x800'1452    0x2  Data  Gb  os_dbg.o [1]
OSDbg_FlagModeClrEn      0x800'847d    0x1  Data  Gb  os_dbg.o [1]
OSDbg_FlagPendAbortEn    0x800'847e    0x1  Data  Gb  os_dbg.o [1]
OSDbg_FlagWidth          0x800'14fa    0x2  Data  Gb  os_dbg.o [1]
OSDbg_Mem                0x800'813c   0x20  Data  Gb  os_dbg.o [1]
OSDbg_MemEn              0x800'847f    0x1  Data  Gb  os_dbg.o [1]
OSDbg_MemSize            0x800'159a    0x2  Data  Gb  os_dbg.o [1]
OSDbg_MsgEn              0x800'8480    0x1  Data  Gb  os_dbg.o [1]
OSDbg_MsgPoolSize        0x800'1706    0x2  Data  Gb  os_dbg.o [1]
OSDbg_MsgQSize           0x800'1742    0x2  Data  Gb  os_dbg.o [1]
OSDbg_MsgSize            0x800'15ca    0x2  Data  Gb  os_dbg.o [1]
OSDbg_Mutex              0x800'7e58   0x30  Data  Gb  os_dbg.o [1]
OSDbg_MutexDelEn         0x800'8482    0x1  Data  Gb  os_dbg.o [1]
OSDbg_MutexEn            0x800'8481    0x1  Data  Gb  os_dbg.o [1]
OSDbg_MutexPendAbortEn   0x800'8483    0x1  Data  Gb  os_dbg.o [1]
OSDbg_MutexSize          0x800'1766    0x2  Data  Gb  os_dbg.o [1]
OSDbg_ObjTypeChkEn       0x800'8484    0x1  Data  Gb  os_dbg.o [1]
OSDbg_PendListSize       0x800'184a    0x2  Data  Gb  os_dbg.o [1]
OSDbg_PendObjSize        0x800'1a92    0x2  Data  Gb  os_dbg.o [1]
OSDbg_PrioMax            0x800'1ad6    0x2  Data  Gb  os_dbg.o [1]
OSDbg_PrioTblSize        0x800'1ae6    0x2  Data  Gb  os_dbg.o [1]
OSDbg_PtrSize            0x800'1aea    0x2  Data  Gb  os_dbg.o [1]
OSDbg_Q                  0x800'7e88   0x30  Data  Gb  os_dbg.o [1]
OSDbg_QDelEn             0x800'8486    0x1  Data  Gb  os_dbg.o [1]
OSDbg_QEn                0x800'8485    0x1  Data  Gb  os_dbg.o [1]
OSDbg_QFlushEn           0x800'8487    0x1  Data  Gb  os_dbg.o [1]
OSDbg_QPendAbortEn       0x800'8488    0x1  Data  Gb  os_dbg.o [1]
OSDbg_QSize              0x800'1c66    0x2  Data  Gb  os_dbg.o [1]
OSDbg_RdyList            0x800'4de2    0x2  Data  Gb  os_dbg.o [1]
OSDbg_RdyListSize        0x800'83a4    0x4  Data  Gb  os_dbg.o [1]
OSDbg_SchedRoundRobinEn
                         0x800'8489    0x1  Data  Gb  os_dbg.o [1]
OSDbg_Sem                0x800'8014   0x28  Data  Gb  os_dbg.o [1]
OSDbg_SemDelEn           0x800'848b    0x1  Data  Gb  os_dbg.o [1]
OSDbg_SemEn              0x800'848a    0x1  Data  Gb  os_dbg.o [1]
OSDbg_SemPendAbortEn     0x800'848c    0x1  Data  Gb  os_dbg.o [1]
OSDbg_SemSetEn           0x800'848d    0x1  Data  Gb  os_dbg.o [1]
OSDbg_SemSize            0x800'3f8e    0x2  Data  Gb  os_dbg.o [1]
OSDbg_StatTaskEn         0x800'848f    0x1  Data  Gb  os_dbg.o [1]
OSDbg_StatTaskStkChkEn   0x800'8490    0x1  Data  Gb  os_dbg.o [1]
OSDbg_StkWidth           0x800'848e    0x1  Data  Gb  os_dbg.o [1]
OSDbg_TCBSize            0x800'6632    0x2  Data  Gb  os_dbg.o [1]
OSDbg_TaskChangePrioEn   0x800'8491    0x1  Data  Gb  os_dbg.o [1]
OSDbg_TaskDelEn          0x800'8492    0x1  Data  Gb  os_dbg.o [1]
OSDbg_TaskProfileEn      0x800'8495    0x1  Data  Gb  os_dbg.o [1]
OSDbg_TaskQEn            0x800'8493    0x1  Data  Gb  os_dbg.o [1]
OSDbg_TaskQPendAbortEn   0x800'8494    0x1  Data  Gb  os_dbg.o [1]
OSDbg_TaskRegTblSize     0x800'5c52    0x2  Data  Gb  os_dbg.o [1]
OSDbg_TaskSemPendAbortEn
                         0x800'8496    0x1  Data  Gb  os_dbg.o [1]
OSDbg_TaskSuspendEn      0x800'8497    0x1  Data  Gb  os_dbg.o [1]
OSDbg_TickListSize       0x800'6e3a    0x2  Data  Gb  os_dbg.o [1]
OSDbg_TimeDlyHMSMEn      0x800'8498    0x1  Data  Gb  os_dbg.o [1]
OSDbg_TimeDlyResumeEn    0x800'8499    0x1  Data  Gb  os_dbg.o [1]
OSDbg_Tmr                0x800'7eb8   0x30  Data  Gb  os_dbg.o [1]
OSDbg_TmrDelEn           0x800'849b    0x1  Data  Gb  os_dbg.o [1]
OSDbg_TmrEn              0x800'849a    0x1  Data  Gb  os_dbg.o [1]
OSDbg_TmrSize            0x800'6e6e    0x2  Data  Gb  os_dbg.o [1]
OSDbg_VersionNbr         0x800'7982    0x2  Data  Gb  os_dbg.o [1]
OSFlagDbgListPtr        0x2000'4e18    0x4  Data  Gb  os_var.o [1]
OSFlagQty               0x2000'4e78    0x2  Data  Gb  os_var.o [1]
OSIdleTaskCtr           0x2000'4e10    0x4  Data  Gb  os_var.o [1]
OSIdleTaskHook           0x800'29f1   0x10  Code  Gb  os_cpu_c.o [1]
OSIdleTaskTCB           0x2000'45cc   0xd4  Data  Gb  os_var.o [1]
OSInit                   0x800'2fc5  0x14c  Code  Gb  os_core.o [1]
OSInitHook               0x800'2a01   0x1a  Code  Gb  os_cpu_c.o [1]
OSInitialized           0x2000'4e8e    0x1  Data  Gb  os_var.o [1]
OSIntCtxSw               0x800'4e67         Code  Gb  os_cpu_a.o [1]
OSIntDisTimeMax         0x2000'4e14    0x4  Data  Gb  os_var.o [1]
OSIntEnter               0x800'3111   0x1c  Code  Gb  os_core.o [1]
OSIntExit                0x800'312d   0x96  Code  Gb  os_core.o [1]
OSIntNestingCtr         0x2000'4e8c    0x1  Data  Gb  os_var.o [1]
OSMemDbgListPtr         0x2000'4e1c    0x4  Data  Gb  os_var.o [1]
OSMemQty                0x2000'4e7a    0x2  Data  Gb  os_var.o [1]
OSMsgPool               0x2000'4da8    0xc  Data  Gb  os_var.o [1]
OSMutexCreate            0x800'3b39   0x72  Code  Gb  os_mutex.o [1]
OSMutexDbgListPtr       0x2000'4e20    0x4  Data  Gb  os_var.o [1]
OSMutexPend              0x800'3bab  0x1d0  Code  Gb  os_mutex.o [1]
OSMutexPost              0x800'3d7b  0x17a  Code  Gb  os_mutex.o [1]
OSMutexQty              0x2000'4e7c    0x2  Data  Gb  os_var.o [1]
OSPrioCur               0x2000'4e8f    0x1  Data  Gb  os_var.o [1]
OSPrioHighRdy           0x2000'4e90    0x1  Data  Gb  os_var.o [1]
OSPrioTbl               0x2000'4df0    0x4  Data  Gb  os_prio.o [1]
OSQCreate                0x800'7509   0x82  Code  Gb  os_q.o [1]
OSQDbgListPtr           0x2000'4e24    0x4  Data  Gb  os_var.o [1]
OSQQty                  0x2000'4e7e    0x2  Data  Gb  os_var.o [1]
OSRdyList               0x2000'444c  0x180  Data  Gb  os_var.o [1]
OSRunning               0x2000'4e8d    0x1  Data  Gb  os_var.o [1]
OSSched                  0x800'31c3   0x72  Code  Gb  os_core.o [1]
OSSchedLock              0x800'3235   0x5a  Code  Gb  os_core.o [1]
OSSchedLockNestingCtr   0x2000'4e91    0x1  Data  Gb  os_var.o [1]
OSSchedUnlock            0x800'328f   0x74  Code  Gb  os_core.o [1]
OSSemCreate              0x800'7465   0x6c  Code  Gb  os_sem.o [1]
OSSemDbgListPtr         0x2000'4e28    0x4  Data  Gb  os_var.o [1]
OSSemQty                0x2000'4e80    0x2  Data  Gb  os_var.o [1]
OSStart                  0x800'3303   0x82  Code  Gb  os_core.o [1]
OSStartHighRdy           0x800'4de5         Code  Gb  os_cpu_a.o [1]
OSStatReset              0x800'4559   0xfe  Code  Gb  os_stat.o [1]
OSStatResetFlag         0x2000'4e92    0x1  Data  Gb  os_var.o [1]
OSStatTaskCPUUsage      0x2000'4e82    0x2  Data  Gb  os_var.o [1]
OSStatTaskCPUUsageInit   0x800'4657   0xc6  Code  Gb  os_stat.o [1]
OSStatTaskCPUUsageMax   0x2000'4e84    0x2  Data  Gb  os_var.o [1]
OSStatTaskCtr           0x2000'4e2c    0x4  Data  Gb  os_var.o [1]
OSStatTaskCtrMax        0x2000'4e30    0x4  Data  Gb  os_var.o [1]
OSStatTaskCtrRun        0x2000'4e34    0x4  Data  Gb  os_var.o [1]
OSStatTaskHook           0x800'2a1b   0x10  Code  Gb  os_cpu_c.o [1]
OSStatTaskRdy           0x2000'4e93    0x1  Data  Gb  os_var.o [1]
OSStatTaskTCB           0x2000'46a0   0xd4  Data  Gb  os_var.o [1]
OSStatTaskTimeMax       0x2000'4e38    0x4  Data  Gb  os_var.o [1]
OSTCBCurPtr             0x2000'4e64    0x4  Data  Gb  os_var.o [1]
OSTCBHighRdyPtr         0x2000'4e68    0x4  Data  Gb  os_var.o [1]
OSTaskCreate             0x800'1c7d  0x19c  Code  Gb  os_task.o [1]
OSTaskCreateHook         0x800'2a2b   0x10  Code  Gb  os_cpu_c.o [1]
OSTaskCtxSwCtr          0x2000'4e3c    0x4  Data  Gb  os_var.o [1]
OSTaskDbgListPtr        0x2000'4e40    0x4  Data  Gb  os_var.o [1]
OSTaskQFlush             0x800'1e19   0x5e  Code  Gb  os_task.o [1]
OSTaskQPend              0x800'1e77  0x1b8  Code  Gb  os_task.o [1]
OSTaskQPost              0x800'202f   0xf8  Code  Gb  os_task.o [1]
OSTaskQty               0x2000'4e86    0x2  Data  Gb  os_var.o [1]
OSTaskRegNextAvailID    0x2000'4e94    0x1  Data  Gb  os_var.o [1]
OSTaskResume             0x800'2127  0x126  Code  Gb  os_task.o [1]
OSTaskReturnHook         0x800'2a3b   0x10  Code  Gb  os_cpu_c.o [1]
OSTaskSemPend            0x800'224d  0x198  Code  Gb  os_task.o [1]
OSTaskSemPost            0x800'23e5  0x102  Code  Gb  os_task.o [1]
OSTaskSemSet             0x800'24e7   0x6c  Code  Gb  os_task.o [1]
OSTaskStkChk             0x800'2553   0xb0  Code  Gb  os_task.o [1]
OSTaskStkInit            0x800'2a4b   0x8a  Code  Gb  os_cpu_c.o [1]
OSTaskSuspend            0x800'2611  0x142  Code  Gb  os_task.o [1]
OSTaskSwHook             0x800'2ad5   0x5c  Code  Gb  os_cpu_c.o [1]
OSTickCtr               0x2000'4e44    0x4  Data  Gb  os_var.o [1]
OSTickListDly           0x2000'4db4    0x8  Data  Gb  os_var.o [1]
OSTickListTimeout       0x2000'4dbc    0x8  Data  Gb  os_var.o [1]
OSTickTaskTCB           0x2000'4774   0xd4  Data  Gb  os_var.o [1]
OSTickTaskTimeMax       0x2000'4e48    0x4  Data  Gb  os_var.o [1]
OSTimeDly                0x800'388d   0x9c  Code  Gb  os_time.o [1]
OSTimeDlyHMSM            0x800'3929  0x18a  Code  Gb  os_time.o [1]
OSTimeGet                0x800'3ab3   0x24  Code  Gb  os_time.o [1]
OSTimeTick               0x800'3ad7   0x38  Code  Gb  os_time.o [1]
OSTimeTickHook           0x800'2b31   0x10  Code  Gb  os_cpu_c.o [1]
OSTmrDbgListPtr         0x2000'4e4c    0x4  Data  Gb  os_var.o [1]
OSTmrListEntries        0x2000'4e88    0x2  Data  Gb  os_var.o [1]
OSTmrListPtr            0x2000'4e50    0x4  Data  Gb  os_var.o [1]
OSTmrMutex              0x2000'4c6c   0x30  Data  Gb  os_var.o [1]
OSTmrTaskTCB            0x2000'4848   0xd4  Data  Gb  os_var.o [1]
OSTmrTaskTimeMax        0x2000'4e54    0x4  Data  Gb  os_var.o [1]
OSTmrTickCtr            0x2000'4e58    0x4  Data  Gb  os_var.o [1]
OSTmrUpdateCnt          0x2000'4e5c    0x4  Data  Gb  os_var.o [1]
OSTmrUpdateCtr          0x2000'4e60    0x4  Data  Gb  os_var.o [1]
OS_AppIdleTaskHookPtr   0x2000'4e00    0x4  Data  Gb  os_var.o [1]
OS_AppStatTaskHookPtr   0x2000'4e04    0x4  Data  Gb  os_var.o [1]
OS_AppTaskCreateHookPtr
                        0x2000'4df4    0x4  Data  Gb  os_var.o [1]
OS_AppTaskDelHookPtr    0x2000'4df8    0x4  Data  Gb  os_var.o [1]
OS_AppTaskReturnHookPtr
                        0x2000'4dfc    0x4  Data  Gb  os_var.o [1]
OS_AppTaskSwHookPtr     0x2000'4e08    0x4  Data  Gb  os_var.o [1]
OS_AppTimeTickHookPtr   0x2000'4e0c    0x4  Data  Gb  os_var.o [1]
OS_CPU_ExceptStkBase    0x2000'4dec    0x4  Data  Gb  os_cpu_c.o [1]
OS_CPU_PendSVHandler     0x800'4e6f         Code  Gb  os_cpu_a.o [1]
OS_CPU_SysTickHandler    0x800'2b41   0x24  Code  Gb  os_cpu_c.o [1]
OS_CPU_SysTickInit       0x800'2b75   0x24  Code  Gb  os_cpu_c.o [1]
OS_CPU_SysTickInitFreq   0x800'2b65   0x10  Code  Gb  os_cpu_c.o [1]
OS_Dbg_Init              0x800'4c51  0x190  Code  Gb  os_dbg.o [1]
OS_IdleTask              0x800'3385   0x30  Code  Gb  os_core.o [1]
OS_IdleTaskInit          0x800'33b5   0x50  Code  Gb  os_core.o [1]
OS_MemInit               0x800'40bd   0x12  Code  Gb  os_mem.o [1]
OS_MsgPoolInit           0x800'2bd9   0x7c  Code  Gb  os_msg.o [1]
OS_MsgQFreeAll           0x800'2c55   0x3e  Code  Gb  os_msg.o [1]
OS_MsgQGet               0x800'2ca7   0x66  Code  Gb  os_msg.o [1]
OS_MsgQInit              0x800'2c93   0x14  Code  Gb  os_msg.o [1]
OS_MsgQPut               0x800'2d0d   0x90  Code  Gb  os_msg.o [1]
OS_MutexDbgListAdd       0x800'3ef5   0x22  Code  Gb  os_mutex.o [1]
OS_MutexGrpAdd           0x800'3f39    0x8  Code  Gb  os_mutex.o [1]
OS_MutexGrpPrioFindHighest
                         0x800'3f57   0x38  Code  Gb  os_mutex.o [1]
OS_MutexGrpRemove        0x800'3f41   0x16  Code  Gb  os_mutex.o [1]
OS_Pend                  0x800'3405   0x42  Code  Gb  os_core.o [1]
OS_PendDbgNameAdd        0x800'3447   0x40  Code  Gb  os_core.o [1]
OS_PendDbgNameRemove     0x800'3487   0x1e  Code  Gb  os_core.o [1]
OS_PendListChangePrio    0x800'34a5   0x24  Code  Gb  os_core.o [1]
OS_PendListInit          0x800'34c9    0xe  Code  Gb  os_core.o [1]
OS_PendListInsertPrio    0x800'34d7   0x72  Code  Gb  os_core.o [1]
OS_PendListRemove        0x800'3549   0x5a  Code  Gb  os_core.o [1]
OS_Post                  0x800'35a3   0xaa  Code  Gb  os_core.o [1]
OS_PrioGetHighest        0x800'2f65   0x14  Code  Gb  os_prio.o [1]
OS_PrioInit              0x800'2f51   0x14  Code  Gb  os_prio.o [1]
OS_PrioInsert            0x800'2f79   0x22  Code  Gb  os_prio.o [1]
OS_PrioRemove            0x800'2f9b   0x24  Code  Gb  os_prio.o [1]
OS_QDbgListAdd           0x800'758b   0x22  Code  Gb  os_q.o [1]
OS_RdyListInit           0x800'364d   0x22  Code  Gb  os_core.o [1]
OS_RdyListInsert         0x800'366f   0x28  Code  Gb  os_core.o [1]
OS_RdyListInsertHead     0x800'3697   0x3a  Code  Gb  os_core.o [1]
OS_RdyListInsertTail     0x800'36d1   0x38  Code  Gb  os_core.o [1]
OS_RdyListRemove         0x800'3711   0x5c  Code  Gb  os_core.o [1]
OS_SemDbgListAdd         0x800'74d1   0x22  Code  Gb  os_sem.o [1]
OS_StatTask              0x800'471d  0x242  Code  Gb  os_stat.o [1]
OS_StatTaskInit          0x800'495f   0x8a  Code  Gb  os_stat.o [1]
OS_TaskBlock             0x800'376d   0x28  Code  Gb  os_core.o [1]
OS_TaskChangePrio        0x800'28ed   0xe0  Code  Gb  os_task.o [1]
OS_TaskDbgListAdd        0x800'2759   0x26  Code  Gb  os_task.o [1]
OS_TaskInit              0x800'2785   0x18  Code  Gb  os_task.o [1]
OS_TaskInitTCB           0x800'27a5  0x130  Code  Gb  os_task.o [1]
OS_TaskReturn            0x800'28d5   0x18  Code  Gb  os_task.o [1]
OS_TickListInsert        0x800'41d1   0x8c  Code  Gb  os_tick.o [1]
OS_TickListInsertDly     0x800'425d   0x90  Code  Gb  os_tick.o [1]
OS_TickListRemove        0x800'42ed   0x70  Code  Gb  os_tick.o [1]
OS_TickListUpdateDly     0x800'435d   0x9e  Code  Lc  os_tick.o [1]
OS_TickListUpdateTimeout
                         0x800'43fb  0x128  Code  Lc  os_tick.o [1]
OS_TickTask              0x800'40d9   0x54  Code  Gb  os_tick.o [1]
OS_TickTaskInit          0x800'412d   0xa4  Code  Gb  os_tick.o [1]
OS_TmrInit               0x800'4a5d   0xcc  Code  Gb  os_tmr.o [1]
OS_TmrLock               0x800'4be7   0x14  Code  Lc  os_tmr.o [1]
OS_TmrTask               0x800'4b65   0x82  Code  Gb  os_tmr.o [1]
OS_TmrUnlink             0x800'4b29   0x3a  Code  Gb  os_tmr.o [1]
OS_TmrUnlock             0x800'4bfb    0xe  Code  Lc  os_tmr.o [1]
PendMsg                  0x800'5869   0x28  Code  Gb  mod_stdbus.o [1]
PendSV_Handler           0x800'8097    0x8  Code  Gb  stm32f1xx_it.o [1]
PostMsg                  0x800'5837   0x14  Code  Gb  mod_stdbus.o [1]
QCmlRecv                0x2000'4c9c   0x30  Data  Gb  task_start.o [1]
QCmlTrans               0x2000'4ccc   0x30  Data  Gb  task_start.o [1]
QSpeRecv                0x2000'4cfc   0x30  Data  Gb  task_start.o [1]
QSpeTrans               0x2000'4d2c   0x30  Data  Gb  task_start.o [1]
RCC_Delay                0x800'5509   0x24  Code  Lc  stm32f1xx_hal_rcc.o [1]
Region$$Table$$Base      0x800'80bc          --   Gb  - Linker created -
Region$$Table$$Limit     0x800'80dc          --   Gb  - Linker created -
Rsc_ComPack              0x800'59bf   0x3c  Code  Gb  mod_stdbus.o [1]
SVC_Handler              0x800'8093    0x2  Code  Gb  stm32f1xx_it.o [1]
Sem_CmlSend             0x2000'4d5c   0x28  Data  Gb  task_start.o [1]
Send_ComPack             0x800'5737   0x3c  Code  Gb  mod_stdbus.o [1]
Send_Complete            0x800'6e05    0xe  Code  Lc  task_cml.o [1]
Send_OneByte             0x800'5773   0xc4  Code  Gb  mod_stdbus.o [1]
Send_Other               0x800'5c51    0x2  Code  Gb  mod_stdbus.o [1]
StdBus_Init              0x800'5711   0x26  Code  Gb  mod_stdbus.o [1]
StdBus_Port0            0x2000'16c8  0x424  Data  Gb  mod_stdbus.o [1]
StdbusPoll               0x800'5989   0x36  Code  Gb  mod_stdbus.o [1]
SysTick_Config           0x800'5621   0x2e  Code  Lc  stm32f1xx_hal_cortex.o [1]
SysTick_Handler          0x800'809f    0xc  Code  Gb  stm32f1xx_it.o [1]
SystemCoreClock         0x2000'01d8    0x4  Data  Gb  system_stm32f1xx.o [1]
SystemInit               0x800'7d85   0x3e  Code  Gb  system_stm32f1xx.o [1]
TaskCmlSendStk          0x2000'32ec  0x400  Data  Gb  task_start.o [1]
TaskCmlSendTCB          0x2000'4ac4   0xd4  Data  Gb  task_start.o [1]
TaskMeasSpeedStk        0x2000'0218  0x800  Data  Gb  task_start.o [1]
TaskMeasSpeedTCB        0x2000'49f0   0xd4  Data  Gb  task_start.o [1]
TaskStartStk            0x2000'2eec  0x400  Data  Gb  task_start.o [1]
TaskStartTCB            0x2000'491c   0xd4  Data  Gb  task_start.o [1]
TaskStdBusStk           0x2000'0a18  0x800  Data  Gb  task_start.o [1]
TaskStdBusTCB           0x2000'4b98   0xd4  Data  Gb  task_start.o [1]
Task_CmlSend             0x800'6d99   0x6c  Code  Gb  task_cml.o [1]
Task_CmlSendMsg          0x800'6e13   0x16  Code  Gb  task_cml.o [1]
Task_MeasSpeed           0x800'7ddd   0x44  Code  Gb  task_measspeed.o [1]
Task_Start               0x800'7261   0x54  Code  Gb  task_start.o [1]
Task_Start{2}{3}::b_Led
                        0x2000'4e95    0x1  Data  Lc  task_start.o [1]
Task_StdBus              0x800'82c1    0xe  Code  Gb  task_stdbus.o [1]
UART4_IRQHandler         0x800'6291   0x26  Code  Gb  bsp_usart.o [1]
UART_SetConfig           0x800'6bc5  0x194  Code  Lc  stm32f1xx_hal_uart.o [1]
USART1_IRQHandler        0x800'6269   0x28  Code  Gb  bsp_usart.o [1]
USARTx_IRQHandler        0x800'6197   0xd2  Code  Lc  bsp_usart.o [1]
UsageFault_Handler       0x800'8091    0x2  Code  Gb  stm32f1xx_it.o [1]
_GenldFullNoMb           0x800'0c55  0x274  Code  Lc  xprintffull_nomb.o [2]
_LdtobFullNoMb           0x800'0829  0x400  Code  Lc  xprintffull_nomb.o [2]
_LitobFullNoMb           0x800'06d1  0x112  Code  Lc  xprintffull_nomb.o [2]
_Locale_lconv           0x2000'01e0   0x38  Data  Lc  xlocale_c.o [2]
_PrintfFullNoMb          0x800'0131  0x19e  Code  Gb  xprintffull_nomb.o [2]
_PutcharsFullNoMb        0x800'0ec9   0x2e  Code  Lc  xprintffull_nomb.o [2]
_PutfldFullNoMb          0x800'0359  0x26c  Code  Lc  xprintffull_nomb.o [2]
_PuttxtFullNoMb          0x800'05c5  0x10c  Code  Lc  xprintffull_nomb.o [2]
_SProut                  0x800'0fa7    0xa  Code  Gb  xsprout.o [2]
__aeabi_cdcmple          0x800'156d         Code  Gb  DblCmpLe.o [3]
__aeabi_cdrcmple         0x800'159d         Code  Gb  DblCmpGe.o [3]
__aeabi_d2iz             0x800'1709         Code  Gb  DblToS32.o [3]
__aeabi_d2uiz            0x800'1a95         Code  Gb  DblToU32.o [3]
__aeabi_dadd             0x800'1aed         Code  Gb  DblAdd.o [3]
__aeabi_ddiv             0x800'184d         Code  Gb  DblDiv.o [3]
__aeabi_dmul             0x800'12b1         Code  Gb  DblMul.o [3]
__aeabi_dsub             0x800'1769         Code  Gb  DblSub.o [3]
__aeabi_f2iz             0x800'7959         Code  Gb  FltToS32.o [3]
__aeabi_fdiv             0x800'785d         Code  Gb  FltDiv.o [3]
__aeabi_fmul             0x800'7785         Code  Gb  FltMul.o [3]
__aeabi_i2d              0x800'1745         Code  Gb  S32ToDbl.o [3]
__aeabi_ldiv0            0x800'1ae9         Code  Gb  I64DivZer.o [4]
__aeabi_memclr4          0x800'6e35         Code  Gb  ABImemclr4.o [4]
__aeabi_memcpy           0x800'1455         Code  Gb  ABImemcpy.o [4]
__aeabi_memcpy4          0x800'1475         Code  Gb  ABImemcpy.o [4]
__aeabi_memcpy8          0x800'1475         Code  Gb  ABImemcpy.o [4]
__aeabi_ui2d             0x800'1abd         Code  Gb  U32ToDbl.o [3]
__aeabi_ui2f             0x800'7769         Code  Gb  U32ToFlt.o [3]
__aeabi_uldivmod         0x800'1081         Code  Gb  I64DivMod.o [4]
__cmain                  0x800'815d         Code  Gb  cmain.o [4]
__exit                   0x800'1c69   0x14  Code  Gb  exit.o [5]
__iar_Fail_s             0x800'0fb1   0x1c  Code  Gb  xfail_s.o [2]
__iar_Memchr             0x800'1029         Code  Gb  memchr.o [4]
__iar_Memset4_word       0x800'6e3d         Code  Gb  ABImemset48.o [4]
__iar_Memset8_word       0x800'6e3d         Code  Gb  ABImemset48.o [4]
__iar_Strchr             0x800'0f91         Code  Gb  strchr.o [4]
__iar_dadd               0x800'1779         Code  Gb  DblSub.o [3]
__iar_data_init3         0x800'803d   0x28  Code  Gb  data_init.o [4]
__iar_dsub               0x800'1afd         Code  Gb  DblAdd.o [3]
__iar_dsubStart          0x800'1b0f         Code  Gb  DblAdd.o [3]
__iar_frexp              0x800'1509         Code  Gb  frexp.o [3]
__iar_frexp64            0x800'14fd         Code  Gb  frexp.o [3]
__iar_frexpl             0x800'1509         Code  Gb  frexp.o [3]
__iar_ldexp64            0x800'15cd         Code  Gb  ldexp.o [3]
__iar_packbits_init_single3
                         0x800'7e21   0x38  Code  Gb  packbits_init_single.o [4]
__iar_program_start      0x800'8319         Code  Gb  cstartup_M.o [4]
__iar_scalbln64          0x800'15cd         Code  Gb  ldexp.o [3]
__iar_scalbn64           0x800'15cd         Code  Gb  ldexp.o [3]
__iar_zero_init3         0x800'0f57   0x3a  Code  Gb  zero_init3.o [4]
__low_level_init         0x800'817b    0x4  Code  Gb  low_level_init.o [2]
__vector_table           0x800'0000         Data  Gb  startup_stm32f103xe.o [1]
_call_main               0x800'8169         Code  Gb  cmain.o [4]
_exit                    0x800'8185         Code  Gb  cexit.o [4]
_main                    0x800'8177         Code  Gb  cmain.o [4]
abort                    0x800'1ae1    0x6  Code  Gb  abort.o [2]
auch_CRCHi               0x800'7984  0x100  Data  Gb  mod_crc16.o [1]
auch_CRCLo               0x800'7a84  0x100  Data  Gb  mod_crc16.o [1]
auch_RxBuff             0x2000'3df4  0x258  Data  Lc  bsp_usart.o [1]
exit                     0x800'817f    0x4  Code  Gb  exit.o [2]
frexp                    0x800'14fd         Code  Gb  frexp.o [3]
frexpl                   0x800'14fd         Code  Gb  frexp.o [3]
hdac1                   0x2000'0000   0x14  Data  Gb  bsp_dac.o [1]
ldexp                    0x800'15cd         Code  Gb  ldexp.o [3]
ldexpl                   0x800'15cd         Code  Gb  ldexp.o [3]
localeconv               0x800'1ad9    0x4  Code  Gb  xlocale_c.o [2]
main                     0x800'7cbd   0x78  Code  Gb  app_main.o [1]
memchr                   0x800'1029         Code  Gb  memchr.o [4]
pst_Dev                 0x2000'01dc    0x4  Data  Lc  task_cml.o [1]
s_Port0RecvReady         0x800'5703    0xc  Code  Gb  mod_stdbus.o [1]
s_Port0TransComplet      0x800'56f9    0xa  Code  Gb  mod_stdbus.o [1]
scalbln                  0x800'15cd         Code  Gb  ldexp.o [3]
scalblnl                 0x800'15cd         Code  Gb  ldexp.o [3]
scalbn                   0x800'15cd         Code  Gb  ldexp.o [3]
scalbnl                  0x800'15cd         Code  Gb  ldexp.o [3]
scale                    0x800'07e3   0x46  Code  Lc  xprintffull_nomb.o [2]
sec_hand                0x2000'4e70    0x4  Data  Lc  xfail_s.o [2]
st_MeasSpeed            0x2000'0188   0x50  Data  Gb  mod_measspeed.o [1]
st_Sense1               0x2000'0138   0x28  Data  Gb  mod_measspeed.o [1]
st_Sense2               0x2000'0160   0x28  Data  Gb  mod_measspeed.o [1]
stm32f7xx_uart4         0x2000'0078   0x40  Data  Gb  bsp_usart.o [1]
stm32f7xx_usart1        0x2000'0038   0x40  Data  Gb  bsp_usart.o [1]
strchr                   0x800'0f91         Code  Gb  strchr.o [4]
strlen                   0x800'0ff1         Code  Gb  strlen.o [4]
ul_OffsetUs             0x2000'4dc4    0x4  Data  Lc  bsp_timer.o [1]
uwTick                  0x2000'4e6c    0x4  Data  Gb  stm32f1xx_hal.o [1]
vsprintf                 0x800'6d65   0x34  Code  Gb  vsprintf.o [2]


[1] = D:\Wangjiangbo\Documents\GitHub\Gas_MeasSpeed\Projects\IAR_OS1\Debug\Obj
[2] = dl7M_tlf.a
[3] = m7M_tl.a
[4] = rt7M_tl.a
[5] = shb_l.a

  32 172 bytes of readonly  code memory
   1 964 bytes of readonly  data memory
  21 142 bytes of readwrite data memory

Errors: none
Warnings: none
